Component: ARM Compiler 5.06 update 7 (build 960) Tool: armlink [4d3601]

==============================================================================

Section Cross References

    startup_stm32f407xx.o(STACK) refers (Special) to heapauxi.o(.text) for __use_two_region_memory
    startup_stm32f407xx.o(HEAP) refers (Special) to heapauxi.o(.text) for __use_two_region_memory
    startup_stm32f407xx.o(RESET) refers (Special) to heapauxi.o(.text) for __use_two_region_memory
    startup_stm32f407xx.o(RESET) refers to startup_stm32f407xx.o(STACK) for __initial_sp
    startup_stm32f407xx.o(RESET) refers to startup_stm32f407xx.o(.text) for Reset_Handler
    startup_stm32f407xx.o(RESET) refers to stm32f4xx_it.o(i.NMI_Handler) for NMI_Handler
    startup_stm32f407xx.o(RESET) refers to stm32f4xx_it.o(i.HardFault_Handler) for HardFault_Handler
    startup_stm32f407xx.o(RESET) refers to stm32f4xx_it.o(i.MemManage_Handler) for MemManage_Handler
    startup_stm32f407xx.o(RESET) refers to stm32f4xx_it.o(i.BusFault_Handler) for BusFault_Handler
    startup_stm32f407xx.o(RESET) refers to stm32f4xx_it.o(i.UsageFault_Handler) for UsageFault_Handler
    startup_stm32f407xx.o(RESET) refers to stm32f4xx_it.o(i.SVC_Handler) for SVC_Handler
    startup_stm32f407xx.o(RESET) refers to stm32f4xx_it.o(i.DebugMon_Handler) for DebugMon_Handler
    startup_stm32f407xx.o(RESET) refers to stm32f4xx_it.o(i.PendSV_Handler) for PendSV_Handler
    startup_stm32f407xx.o(RESET) refers to stm32f4xx_it.o(i.SysTick_Handler) for SysTick_Handler
    startup_stm32f407xx.o(RESET) refers to stm32f4xx_it.o(i.EXTI2_IRQHandler) for EXTI2_IRQHandler
    startup_stm32f407xx.o(RESET) refers to stm32f4xx_it.o(i.SPI1_IRQHandler) for SPI1_IRQHandler
    startup_stm32f407xx.o(RESET) refers to stm32f4xx_it.o(i.DMA2_Stream3_IRQHandler) for DMA2_Stream3_IRQHandler
    startup_stm32f407xx.o(.text) refers (Special) to heapauxi.o(.text) for __use_two_region_memory
    startup_stm32f407xx.o(.text) refers to system_stm32f4xx.o(i.SystemInit) for SystemInit
    startup_stm32f407xx.o(.text) refers to __main.o(!!!main) for __main
    startup_stm32f407xx.o(.text) refers to startup_stm32f407xx.o(HEAP) for Heap_Mem
    startup_stm32f407xx.o(.text) refers to startup_stm32f407xx.o(STACK) for Stack_Mem
    main.o(i.MX_GPIO_Init) refers to rt_memclr_w.o(.text) for __aeabi_memclr4
    main.o(i.MX_GPIO_Init) refers to stm32f4xx_hal_gpio.o(i.HAL_GPIO_WritePin) for HAL_GPIO_WritePin
    main.o(i.MX_GPIO_Init) refers to stm32f4xx_hal_gpio.o(i.HAL_GPIO_Init) for HAL_GPIO_Init
    main.o(i.MX_GPIO_Init) refers to stm32f4xx_hal_cortex.o(i.HAL_NVIC_SetPriority) for HAL_NVIC_SetPriority
    main.o(i.MX_GPIO_Init) refers to stm32f4xx_hal_cortex.o(i.HAL_NVIC_EnableIRQ) for HAL_NVIC_EnableIRQ
    main.o(i.MX_SPI1_Init) refers to stm32f4xx_hal_spi.o(i.HAL_SPI_Init) for HAL_SPI_Init
    main.o(i.MX_SPI1_Init) refers to main.o(.bss) for .bss
    main.o(i.MX_TIM3_Init) refers to rt_memclr_w.o(.text) for __aeabi_memclr4
    main.o(i.MX_TIM3_Init) refers to stm32f4xx_hal_tim.o(i.HAL_TIM_PWM_Init) for HAL_TIM_PWM_Init
    main.o(i.MX_TIM3_Init) refers to stm32f4xx_hal_tim_ex.o(i.HAL_TIMEx_MasterConfigSynchronization) for HAL_TIMEx_MasterConfigSynchronization
    main.o(i.MX_TIM3_Init) refers to stm32f4xx_hal_tim.o(i.HAL_TIM_PWM_ConfigChannel) for HAL_TIM_PWM_ConfigChannel
    main.o(i.MX_TIM3_Init) refers to stm32f4xx_hal_msp.o(i.HAL_TIM_MspPostInit) for HAL_TIM_MspPostInit
    main.o(i.MX_TIM3_Init) refers to main.o(.bss) for .bss
    main.o(i.SystemClock_Config) refers to rt_memclr_w.o(.text) for __aeabi_memclr4
    main.o(i.SystemClock_Config) refers to stm32f4xx_hal_rcc.o(i.HAL_RCC_OscConfig) for HAL_RCC_OscConfig
    main.o(i.SystemClock_Config) refers to stm32f4xx_hal_rcc.o(i.HAL_RCC_ClockConfig) for HAL_RCC_ClockConfig
    main.o(i.main) refers to stm32f4xx_hal.o(i.HAL_Init) for HAL_Init
    main.o(i.main) refers to main.o(i.SystemClock_Config) for SystemClock_Config
    main.o(i.main) refers to main.o(i.MX_GPIO_Init) for MX_GPIO_Init
    main.o(i.main) refers to stm32f4xx_hal_cortex.o(i.HAL_NVIC_SetPriority) for HAL_NVIC_SetPriority
    main.o(i.main) refers to stm32f4xx_hal_cortex.o(i.HAL_NVIC_EnableIRQ) for HAL_NVIC_EnableIRQ
    main.o(i.main) refers to main.o(i.MX_SPI1_Init) for MX_SPI1_Init
    main.o(i.main) refers to main.o(i.MX_TIM3_Init) for MX_TIM3_Init
    main.o(i.main) refers to stm32f4xx_hal_uart.o(i.HAL_UART_Init) for HAL_UART_Init
    main.o(i.main) refers to z_displ_ili9xxx.o(i.Displ_Init) for Displ_Init
    main.o(i.main) refers to z_displ_ili9xxx.o(i.Displ_CLS) for Displ_CLS
    main.o(i.main) refers to z_touch_xpt2046_test.o(i.Touch_TestDrawing) for Touch_TestDrawing
    main.o(i.main) refers to z_displ_ili9xxx_test.o(i.Displ_PerfTest) for Displ_PerfTest
    main.o(i.main) refers to main.o(.bss) for .bss
    stm32f4xx_it.o(i.DMA2_Stream3_IRQHandler) refers to stm32f4xx_hal_dma.o(i.HAL_DMA_IRQHandler) for HAL_DMA_IRQHandler
[...]
    .text                                    0x080002a8   Section      238  lludivv7m.o(.text)
    .text                                    0x08000398   Section        0  noretval__2sprintf.o(.text)
    .text                                    0x080003c0   Section        0  _printf_pad.o(.text)
    .text                                    0x08000410   Section        0  _printf_dec.o(.text)
    .text                                    0x08000488   Section        0  __printf_flags_ss_wp.o(.text)
    .text                                    0x08000610   Section        0  rand.o(.text)
    .text                                    0x0800064c   Section        0  strlen.o(.text)
    .text                                    0x0800068a   Section       78  rt_memclr_w.o(.text)
    .text                                    0x080006d8   Section        0  heapauxi.o(.text)
    .text                                    0x080006de   Section        0  _printf_intcommon.o(.text)
    .text                                    0x08000790   Section        0  _printf_char_common.o(.text)
    _printf_input_char                       0x08000791   Thumb Code    10  _printf_char_common.o(.text)
    .text                                    0x080007c0   Section        0  _sputc.o(.text)
    .text                                    0x080007cc   Section        8  libspace.o(.text)
    .text                                    0x080007d4   Section       74  sys_stackheap_outer.o(.text)
    .text                                    0x0800081e   Section        0  exit.o(.text)
    .text                                    0x08000830   Section        0  sys_exit.o(.text)
    .text                                    0x0800083c   Section        2  use_no_semi.o(.text)
    .text                                    0x0800083e   Section        0  indicate_semi.o(.text)
    i.BusFault_Handler                       0x0800083e   Section        0  stm32f4xx_it.o(i.BusFault_Handler)
    i.DMA2_Stream3_IRQHandler                0x08000840   Section        0  stm32f4xx_it.o(i.DMA2_Stream3_IRQHandler)
    i.DMA_CalcBaseAndBitshift                0x0800084c   Section        0  stm32f4xx_hal_dma.o(i.DMA_CalcBaseAndBitshift)
    DMA_CalcBaseAndBitshift                  0x0800084d   Thumb Code    34  stm32f4xx_hal_dma.o(i.DMA_CalcBaseAndBitshift)
    i.DMA_CheckFifoParam                     0x08000874   Section        0  stm32f4xx_hal_dma.o(i.DMA_CheckFifoParam)
    DMA_CheckFifoParam                       0x08000875   Thumb Code    84  stm32f4xx_hal_dma.o(i.DMA_CheckFifoParam)
    i.DMA_SetConfig                          0x080008c8   Section        0  stm32f4xx_hal_dma.o(i.DMA_SetConfig)
    DMA_SetConfig                            0x080008c9   Thumb Code    40  stm32f4xx_hal_dma.o(i.DMA_SetConfig)
    i.DebugMon_Handler                       0x080008f0   Section        0  stm32f4xx_it.o(i.DebugMon_Handler)
    i.Displ_BackLight                        0x080008f4   Section        0  z_displ_ili9xxx.o(i.Displ_BackLight)
    i.Displ_Border                           0x0800097c   Section        0  z_displ_ili9xxx.o(i.Displ_Border)
    i.Displ_CLS                              0x080009dc   Section        0  z_displ_ili9xxx.o(i.Displ_CLS)
    i.Displ_CString                          0x080009f8   Section        0  z_displ_ili9xxx.o(i.Displ_CString)
    i.Displ_FillArea                         0x08000b30   Section        0  z_displ_ili9xxx.o(i.Displ_FillArea)
    i.Displ_Init                             0x08000c0c   Section        0  z_displ_ili9xxx.o(i.Displ_Init)
    i.Displ_Line                             0x08000c3c   Section        0  z_displ_ili9xxx.o(i.Displ_Line)
    i.Displ_Orientation                      0x08000d64   Section        0  z_displ_ili9xxx.o(i.Displ_Orientation)
    i.Displ_Page                             0x08000db8   Section        0  z_displ_ili9xxx_test.o(i.Displ_Page)
    i.Displ_PerfTest                         0x08000e68   Section        0  z_displ_ili9xxx_test.o(i.Displ_PerfTest)
    i.Displ_Pixel                            0x08001170   Section        0  z_displ_ili9xxx.o(i.Displ_Pixel)
    i.Displ_Select                           0x08001194   Section        0  z_displ_ili9xxx.o(i.Displ_Select)
    i.Displ_SetAddressWindow                 0x080011e0   Section        0  z_displ_ili9xxx.o(i.Displ_SetAddressWindow)
    i.Displ_TestAll                          0x08001238   Section        0  z_displ_ili9xxx_test.o(i.Displ_TestAll)
    i.Displ_Transmit                         0x0800128c   Section        0  z_displ_ili9xxx.o(i.Displ_Transmit)
    i.Displ_WChar                            0x08001330   Section        0  z_displ_ili9xxx.o(i.Displ_WChar)
    i.Displ_WString                          0x080014c0   Section        0  z_displ_ili9xxx.o(i.Displ_WString)
    i.Displ_WriteCommand                     0x08001518   Section        0  z_displ_ili9xxx.o(i.Displ_WriteCommand)
    i.Displ_WriteData                        0x08001528   Section        0  z_displ_ili9xxx.o(i.Displ_WriteData)
    i.Displ_drawCircle                       0x0800153c   Section        0  z_displ_ili9xxx.o(i.Displ_drawCircle)
    i.Displ_drawRoundRect                    0x0800164c   Section        0  z_displ_ili9xxx.o(i.Displ_drawRoundRect)
    i.Displ_drawTriangle                     0x08001708   Section        0  z_displ_ili9xxx.o(i.Displ_drawTriangle)
    i.Displ_fillCircle                       0x08001740   Section        0  z_displ_ili9xxx.o(i.Displ_fillCircle)
    i.Displ_fillRoundRect                    0x08001774   Section        0  z_displ_ili9xxx.o(i.Displ_fillRoundRect)
    i.Displ_fillTriangle                     0x080017f6   Section        0  z_displ_ili9xxx.o(i.Displ_fillTriangle)
    i.DrawCross                              0x0800193c   Section        0  z_touch_xpt2046_test.o(i.DrawCross)
    i.EXTI2_IRQHandler                       0x0800196e   Section        0  stm32f4xx_it.o(i.EXTI2_IRQHandler)
    i.Error_Handler                          0x08001974   Section        0  main.o(i.Error_Handler)
    i.HAL_DMA_Abort_IT                       0x08001978   Section        0  stm32f4xx_hal_dma.o(i.HAL_DMA_Abort_IT)
    i.HAL_DMA_IRQHandler                     0x0800199c   Section        0  stm32f4xx_hal_dma.o(i.HAL_DMA_IRQHandler)
    i.HAL_DMA_Init                           0x08001b3c   Section        0  stm32f4xx_hal_dma.o(i.HAL_DMA_Init)
    i.HAL_DMA_Start_IT                       0x08001c10   Section        0  stm32f4xx_hal_dma.o(i.HAL_DMA_Start_IT)
    i.HAL_Delay                              0x08001c80   Section        0  stm32f4xx_hal.o(i.HAL_Delay)
    i.HAL_GPIO_EXTI_Callback                 0x08001ca4   Section        0  z_touch_xpt2046.o(i.HAL_GPIO_EXTI_Callback)
    i.HAL_GPIO_EXTI_IRQHandler               0x08001cb0   Section        0  stm32f4xx_hal_gpio.o(i.HAL_GPIO_EXTI_IRQHandler)
    i.HAL_GPIO_Init                          0x08001cc8   Section        0  stm32f4xx_hal_gpio.o(i.HAL_GPIO_Init)
    i.HAL_GPIO_ReadPin                       0x08001eb8   Section        0  stm32f4xx_hal_gpio.o(i.HAL_GPIO_ReadPin)
    i.HAL_GPIO_WritePin                      0x08001ec2   Section        0  stm32f4xx_hal_gpio.o(i.HAL_GPIO_WritePin)
    i.HAL_GetTick                            0x08001ecc   Section        0  stm32f4xx_hal.o(i.HAL_GetTick)
    i.HAL_IncTick                            0x08001ed8   Section        0  stm32f4xx_hal.o(i.HAL_IncTick)
    i.HAL_Init                               0x08001ee8   Section        0  stm32f4xx_hal.o(i.HAL_Init)
    i.HAL_InitTick                           0x08001f1c   Section        0  stm32f4xx_hal.o(i.HAL_InitTick)
    i.HAL_MspInit                            0x08001f5c   Section        0  stm32f4xx_hal_msp.o(i.HAL_MspInit)
    i.HAL_NVIC_ClearPendingIRQ               0x08001f8c   Section        0  stm32f4xx_hal_cortex.o(i.HAL_NVIC_ClearPendingIRQ)
    i.HAL_NVIC_DisableIRQ                    0x08001fa6   Section        0  stm32f4xx_hal_cortex.o(i.HAL_NVIC_DisableIRQ)
    i.HAL_NVIC_EnableIRQ                     0x08001fc8   Section        0  stm32f4xx_hal_cortex.o(i.HAL_NVIC_EnableIRQ)
    i.HAL_NVIC_SetPriority                   0x08001fe4   Section        0  stm32f4xx_hal_cortex.o(i.HAL_NVIC_SetPriority)
    i.HAL_NVIC_SetPriorityGrouping           0x08002024   Section        0  stm32f4xx_hal_cortex.o(i.HAL_NVIC_SetPriorityGrouping)
    i.HAL_RCC_ClockConfig                    0x08002048   Section        0  stm32f4xx_hal_rcc.o(i.HAL_RCC_ClockConfig)
    i.HAL_RCC_GetPCLK1Freq                   0x0800217c   Section        0  stm32f4xx_hal_rcc.o(i.HAL_RCC_GetPCLK1Freq)
    i.HAL_RCC_GetPCLK2Freq                   0x0800219c   Section        0  stm32f4xx_hal_rcc.o(i.HAL_RCC_GetPCLK2Freq)
    i.HAL_RCC_GetSysClockFreq                0x080021bc   Section        0  stm32f4xx_hal_rcc.o(i.HAL_RCC_GetSysClockFreq)
    i.HAL_RCC_OscConfig                      0x08002208   Section        0  stm32f4xx_hal_rcc.o(i.HAL_RCC_OscConfig)
    i.HAL_SPI_ErrorCallback                  0x08002574   Section        0  z_displ_ili9xxx.o(i.HAL_SPI_ErrorCallback)
    i.HAL_SPI_IRQHandler                     0x0800258c   Section        0  stm32f4xx_hal_spi.o(i.HAL_SPI_IRQHandler)
    i.HAL_SPI_Init                           0x08002688   Section        0  stm32f4xx_hal_spi.o(i.HAL_SPI_Init)
    i.HAL_SPI_MspInit                        0x08002744   Section        0  stm32f4xx_hal_msp.o(i.HAL_SPI_MspInit)
    i.HAL_SPI_Receive                        0x080027f4   Section        0  stm32f4xx_hal_spi.o(i.HAL_SPI_Receive)
    i.HAL_SPI_Transmit                       0x08002948   Section        0  stm32f4xx_hal_spi.o(i.HAL_SPI_Transmit)
    i.HAL_SPI_TransmitReceive                0x08002aae   Section        0  stm32f4xx_hal_spi.o(i.HAL_SPI_TransmitReceive)
    i.HAL_SPI_Transmit_DMA                   0x08002ca0   Section        0  stm32f4xx_hal_spi.o(i.HAL_SPI_Transmit_DMA)
    i.HAL_SPI_TxCpltCallback                 0x08002d6c   Section        0  z_displ_ili9xxx.o(i.HAL_SPI_TxCpltCallback)
    i.HAL_SPI_TxHalfCpltCallback             0x08002d84   Section        0  stm32f4xx_hal_spi.o(i.HAL_SPI_TxHalfCpltCallback)
    i.HAL_SYSTICK_Config                     0x08002d86   Section        0  stm32f4xx_hal_cortex.o(i.HAL_SYSTICK_Config)
    i.HAL_TIMEx_MasterConfigSynchronization  0x08002db0   Section        0  stm32f4xx_hal_tim_ex.o(i.HAL_TIMEx_MasterConfigSynchronization)
    i.HAL_TIM_MspPostInit                    0x08002e40   Section        0  stm32f4xx_hal_msp.o(i.HAL_TIM_MspPostInit)
    i.HAL_TIM_PWM_ConfigChannel              0x08002e90   Section        0  stm32f4xx_hal_tim.o(i.HAL_TIM_PWM_ConfigChannel)
    i.HAL_TIM_PWM_Init                       0x08002f5c   Section        0  stm32f4xx_hal_tim.o(i.HAL_TIM_PWM_Init)
    i.HAL_TIM_PWM_MspInit                    0x08002fb8   Section        0  stm32f4xx_hal_msp.o(i.HAL_TIM_PWM_MspInit)
    i.HAL_TIM_PWM_Start                      0x08002fe0   Section        0  stm32f4xx_hal_tim.o(i.HAL_TIM_PWM_Start)
    i.HAL_UART_Init                          0x080030a8   Section        0  stm32f4xx_hal_uart.o(i.HAL_UART_Init)
    i.HAL_UART_MspInit                       0x0800310c   Section        0  stm32f4xx_hal_msp.o(i.HAL_UART_MspInit)
    i.HardFault_Handler                      0x08003178   Section        0  stm32f4xx_it.o(i.HardFault_Handler)
    i.ILI9XXX_Init                           0x0800317c   Section        0  z_displ_ili9xxx.o(i.ILI9XXX_Init)
    i.MX_GPIO_Init                           0x080031fc   Section        0  main.o(i.MX_GPIO_Init)
    MX_GPIO_Init                             0x080031fd   Thumb Code   232  main.o(i.MX_GPIO_Init)
    i.MX_SPI1_Init                           0x080032f4   Section        0  main.o(i.MX_SPI1_Init)
    MX_SPI1_Init                             0x080032f5   Thumb Code    56  main.o(i.MX_SPI1_Init)
    i.MX_TIM3_Init                           0x08003334   Section        0  main.o(i.MX_TIM3_Init)
    MX_TIM3_Init                             0x08003335   Thumb Code   104  main.o(i.MX_TIM3_Init)
    i.MemManage_Handler                      0x080033a4   Section        0  stm32f4xx_it.o(i.MemManage_Handler)
    i.NMI_Handler                            0x080033a6   Section        0  stm32f4xx_it.o(i.NMI_Handler)
    i.PendSV_Handler                         0x080033a8   Section        0  stm32f4xx_it.o(i.PendSV_Handler)
    i.SPI1_IRQHandler                        0x080033ac   Section        0  stm32f4xx_it.o(i.SPI1_IRQHandler)
    i.SPI_DMAAbortOnError                    0x080033b8   Section        0  stm32f4xx_hal_spi.o(i.SPI_DMAAbortOnError)
    SPI_DMAAbortOnError                      0x080033b9   Thumb Code    16  stm32f4xx_hal_spi.o(i.SPI_DMAAbortOnError)
    i.SPI_DMAError                           0x080033c8   Section        0  stm32f4xx_hal_spi.o(i.SPI_DMAError)
    SPI_DMAError                             0x080033c9   Thumb Code    34  stm32f4xx_hal_spi.o(i.SPI_DMAError)
    i.SPI_DMAHalfTransmitCplt                0x080033ea   Section        0  stm32f4xx_hal_spi.o(i.SPI_DMAHalfTransmitCplt)
    SPI_DMAHalfTransmitCplt                  0x080033eb   Thumb Code    10  stm32f4xx_hal_spi.o(i.SPI_DMAHalfTransmitCplt)
    i.SPI_DMATransmitCplt                    0x080033f4   Section        0  stm32f4xx_hal_spi.o(i.SPI_DMATransmitCplt)
    SPI_DMATransmitCplt                      0x080033f5   Thumb Code   100  stm32f4xx_hal_spi.o(i.SPI_DMATransmitCplt)
    i.SPI_EndRxTransaction                   0x08003458   Section        0  stm32f4xx_hal_spi.o(i.SPI_EndRxTransaction)
    SPI_EndRxTransaction                     0x08003459   Thumb Code    92  stm32f4xx_hal_spi.o(i.SPI_EndRxTransaction)
    i.SPI_EndRxTxTransaction                 0x080034b4   Section        0  stm32f4xx_hal_spi.o(i.SPI_EndRxTxTransaction)
    SPI_EndRxTxTransaction                   0x080034b5   Thumb Code    98  stm32f4xx_hal_spi.o(i.SPI_EndRxTxTransaction)
    i.SPI_WaitFlagStateUntilTimeout          0x08003520   Section        0  stm32f4xx_hal_spi.o(i.SPI_WaitFlagStateUntilTimeout)
    SPI_WaitFlagStateUntilTimeout            0x08003521   Thumb Code   180  stm32f4xx_hal_spi.o(i.SPI_WaitFlagStateUntilTimeout)
    i.SVC_Handler                            0x080035d8   Section        0  stm32f4xx_it.o(i.SVC_Handler)
    i.SysTick_Handler                        0x080035da   Section        0  stm32f4xx_it.o(i.SysTick_Handler)
    i.SystemClock_Config                     0x080035e0   Section        0  main.o(i.SystemClock_Config)
    i.SystemInit                             0x08003674   Section        0  system_stm32f4xx.o(i.SystemInit)
    i.TIM_Base_SetConfig                     0x08003684   Section        0  stm32f4xx_hal_tim.o(i.TIM_Base_SetConfig)
    i.TIM_CCxChannelCmd                      0x0800375c   Section        0  stm32f4xx_hal_tim.o(i.TIM_CCxChannelCmd)
    i.TIM_OC1_SetConfig                      0x08003778   Section        0  stm32f4xx_hal_tim.o(i.TIM_OC1_SetConfig)
    TIM_OC1_SetConfig                        0x08003779   Thumb Code    88  stm32f4xx_hal_tim.o(i.TIM_OC1_SetConfig)
    i.TIM_OC2_SetConfig                      0x080037d8   Section        0  stm32f4xx_hal_tim.o(i.TIM_OC2_SetConfig)
    i.TIM_OC3_SetConfig                      0x08003844   Section        0  stm32f4xx_hal_tim.o(i.TIM_OC3_SetConfig)
    TIM_OC3_SetConfig                        0x08003845   Thumb Code    96  stm32f4xx_hal_tim.o(i.TIM_OC3_SetConfig)
    i.TIM_OC4_SetConfig                      0x080038ac   Section        0  stm32f4xx_hal_tim.o(i.TIM_OC4_SetConfig)
    TIM_OC4_SetConfig                        0x080038ad   Thumb Code    70  stm32f4xx_hal_tim.o(i.TIM_OC4_SetConfig)
    i.TestChar                               0x080038fc   Section        0  z_displ_ili9xxx_test.o(i.TestChar)
    i.TestFillScreen                         0x080039d0   Section        0  z_displ_ili9xxx_test.o(i.TestFillScreen)
    i.TestHVLine                             0x08003a3c   Section        0  z_displ_ili9xxx_test.o(i.TestHVLine)
    i.Touch_GetXYtouch                       0x08003ae0   Section        0  z_touch_xpt2046.o(i.Touch_GetXYtouch)
    i.Touch_GotATouch                        0x08003bd4   Section        0  z_touch_xpt2046.o(i.Touch_GotATouch)
    i.Touch_HandlePenDownInterrupt           0x08003c08   Section        0  z_touch_xpt2046.o(i.Touch_HandlePenDownInterrupt)
    i.Touch_PollAxis                         0x08003c1c   Section        0  z_touch_xpt2046.o(i.Touch_PollAxis)
    i.Touch_Select                           0x08003c7c   Section        0  z_touch_xpt2046.o(i.Touch_Select)
    i.Touch_TestDrawing                      0x08003cd0   Section        0  z_touch_xpt2046_test.o(i.Touch_TestDrawing)
    i.Touch_UnSelect                         0x08003db8   Section        0  z_touch_xpt2046.o(i.Touch_UnSelect)
    i.Touch_WaitForTouch                     0x08003dc8   Section        0  z_touch_xpt2046.o(i.Touch_WaitForTouch)
    i.UART_SetConfig                         0x08003df4   Section        0  stm32f4xx_hal_uart.o(i.UART_SetConfig)
    UART_SetConfig                           0x08003df5   Thumb Code   258  stm32f4xx_hal_uart.o(i.UART_SetConfig)
    i.UsageFault_Handler                     0x08003f00   Section        0  stm32f4xx_it.o(i.UsageFault_Handler)
    i.__NVIC_SetPriority                     0x08003f02   Section        0  stm32f4xx_hal_cortex.o(i.__NVIC_SetPriority)
    __NVIC_SetPriority                       0x08003f03   Thumb Code    32  stm32f4xx_hal_cortex.o(i.__NVIC_SetPriority)
    i._is_digit                              0x08003f22   Section        0  __printf_wp.o(i._is_digit)
    i.drawCircleHelper                       0x08003f30   Section        0  z_displ_ili9xxx.o(i.drawCircleHelper)
    i.fillCircleHelper                       0x08004016   Section        0  z_displ_ili9xxx.o(i.fillCircleHelper)
    i.main                                   0x080040f4   Section        0  main.o(i.main)
    i.testCircles                            0x08004174   Section        0  z_displ_ili9xxx_test.o(i.testCircles)
    i.testFastLines                          0x080041c4   Section        0  z_displ_ili9xxx_test.o(i.testFastLines)
    i.testFillScreen                         0x08004228   Section        0  z_displ_ili9xxx_test.o(i.testFillScreen)
    i.testFilledCircles                      0x08004254   Section        0  z_displ_ili9xxx_test.o(i.testFilledCircles)
    i.testFilledRects                        0x080042a4   Section        0  z_displ_ili9xxx_test.o(i.testFilledRects)
    i.testFilledRoundRects                   0x08004324   Section        0  z_displ_ili9xxx_test.o(i.testFilledRoundRects)
    i.testFilledTriangles                    0x080043c0   Section        0  z_displ_ili9xxx_test.o(i.testFilledTriangles)
    i.testLines                              0x08004460   Section        0  z_displ_ili9xxx_test.o(i.testLines)
    i.testRects                              0x080045a0   Section        0  z_displ_ili9xxx_test.o(i.testRects)
    i.testRoundRects                         0x08004608   Section        0  z_displ_ili9xxx_test.o(i.testRoundRects)
    i.testTriangles                          0x08004694   Section        0  z_displ_ili9xxx_test.o(i.testTriangles)
    i.wait                                   0x080046fc   Section        0  z_displ_ili9xxx_test.o(i.wait)
    x$fpl$fpinit                             0x0800471c   Section       10  fpinit.o(x$fpl$fpinit)
    $v0                                      0x0800471c   Number         0  fpinit.o(x$fpl$fpinit)
    .constdata                               0x08004726   Section        8  stm32f4xx_hal_dma.o(.constdata)
    flagBitshiftOffset                       0x08004726   Data           8  stm32f4xx_hal_dma.o(.constdata)
    .constdata                               0x0800472e   Section       16  system_stm32f4xx.o(.constdata)
    .constdata                               0x0800473e   Section        8  system_stm32f4xx.o(.constdata)
    .constdata                               0x08004746   Section     1140  font12.o(.constdata)
    .constdata                               0x08004bba   Section     3040  font16.o(.constdata)
    .constdata                               0x0800579a   Section     3800  font20.o(.constdata)
    .constdata                               0x08006672   Section     6840  font24.o(.constdata)
    .constdata                               0x0800812a   Section       17  __printf_flags_ss_wp.o(.constdata)
    maptable                                 0x0800812a   Data          17  __printf_flags_ss_wp.o(.constdata)
    .data                                    0x20000000   Section       12  stm32f4xx_hal.o(.data)
    .data                                    0x2000000c   Section        4  system_stm32f4xx.o(.data)
    .data                                    0x20000010   Section       12  font12.o(.data)
    .data                                    0x2000001c   Section       12  font16.o(.data)
    .data                                    0x20000028   Section       12  font20.o(.data)
    .data                                    0x20000034   Section       12  font24.o(.data)
    .data                                    0x20000040   Section       20  z_displ_ili9xxx.o(.data)
    data                                     0x20000041   Data           1  z_displ_ili9xxx.o(.data)
    cambia                                   0x20000042   Data           1  z_displ_ili9xxx.o(.data)
    memCCR1                                  0x20000044   Data           2  z_displ_ili9xxx.o(.data)
    dispBuffer                               0x2000004c   Data           4  z_displ_ili9xxx.o(.data)
    data                                     0x20000050   Data           4  z_displ_ili9xxx.o(.data)
    .data                                    0x20000054   Section        8  z_touch_xpt2046.o(.data)
    touchTime                                0x20000058   Data           4  z_touch_xpt2046.o(.data)
    .bss                                     0x2000005c   Section      232  main.o(.bss)
    .bss                                     0x20000144   Section       96  main.o(.bss)
    .bss                                     0x200001a4   Section     4096  z_displ_ili9xxx.o(.bss)
    dispBuffer1                              0x200001a4   Data        2048  z_displ_ili9xxx.o(.bss)
    dispBuffer2                              0x200009a4   Data        2048  z_displ_ili9xxx.o(.bss)
    .bss                                     0x200011a4   Section      228  rand.o(.bss)
    .bss                                     0x20001288   Section       96  libspace.o(.bss)
    HEAP                                     0x200012e8   Section      512  startup_stm32f407xx.o(HEAP)
    Heap_Mem                                 0x200012e8   Data         512  startup_stm32f407xx.o(HEAP)
    STACK                                    0x200014e8   Section     1024  startup_stm32f407xx.o(STACK)
    Stack_Mem                                0x200014e8   Data        1024  startup_stm32f407xx.o(STACK)
    __initial_sp                             0x200018e8   Data           0  startup_stm32f407xx.o(STACK)

    Global Symbols

    Symbol Name                              Value     Ov Type        Size  Object(Section)

    BuildAttributes$$THM_ISAv4$E$P$D$K$B$S$7EM$VFPi3$EXTD16$VFPS$VFMA$PE$A:L22UL41UL21$X:L11$S22US41US21$IEEE1$IW$USESV6$~STKCKD$USESV7$~SHL$OTIME$ROPI$IEEEJ$EBA8$UX$STANDARDLIB$REQ8$PRES8$EABIv2 0x00000000   Number         0  anon$$obj.o ABSOLUTE
    __ARM_use_no_argv                        0x00000000   Number         0  main.o ABSOLUTE
    _printf_flags                            0x00000000   Number         0  printf_stubs.o ABSOLUTE
    _printf_return_value                     0x00000000   Number         0  printf_stubs.o ABSOLUTE
    _printf_sizespec                         0x00000000   Number         0  printf_stubs.o ABSOLUTE
    _printf_widthprec                        0x00000000   Number         0  printf_stubs.o ABSOLUTE
    __ARM_exceptions_init                     - Undefined Weak Reference
    __alloca_initialize                       - Undefined Weak Reference
    __arm_fini_                               - Undefined Weak Reference
    __arm_preinit_                            - Undefined Weak Reference
    __cpp_initialize__aeabi_                  - Undefined Weak Reference
    __cxa_finalize                            - Undefined Weak Reference
    __sigvec_lookup                           - Undefined Weak Reference
    _atexit_init                              - Undefined Weak Reference
    _call_atexit_fns                          - Undefined Weak Reference
    _clock_init                               - Undefined Weak Reference
    _fp_trap_init                             - Undefined Weak Reference
    _fp_trap_shutdown                         - Undefined Weak Reference
    _get_lc_collate                           - Undefined Weak Reference
    _get_lc_ctype                             - Undefined Weak Reference
    _get_lc_monetary                          - Undefined Weak Reference
    _get_lc_time                              - Undefined Weak Reference
    _getenv_init                              - Undefined Weak Reference
    _handle_redirection                       - Undefined Weak Reference
    _init_alloc                               - Undefined Weak Reference
    _init_user_alloc                          - Undefined Weak Reference
    _initio                                   - Undefined Weak Reference
    _printf_truncate_signed                   - Undefined Weak Reference
    _printf_truncate_unsigned                 - Undefined Weak Reference
    _signal_finish                            - Undefined Weak Reference
    _signal_init                              - Undefined Weak Reference
    _terminate_alloc                          - Undefined Weak Reference
    _terminate_user_alloc                     - Undefined Weak Reference
    _terminateio                              - Undefined Weak Reference
    __Vectors_Size                           0x00000188   Number         0  startup_stm32f407xx.o ABSOLUTE
    __Vectors                                0x08000000   Data           4  startup_stm32f407xx.o(RESET)
    __Vectors_End                            0x08000188   Data           0  startup_stm32f407xx.o(RESET)
    __main                                   0x08000189   Thumb Code     8  __main.o(!!!main)
    __scatterload                            0x08000191   Thumb Code     0  __scatter.o(!!!scatter)
    __scatterload_rt2                        0x08000191   Thumb Code    44  __scatter.o(!!!scatter)
    __scatterload_rt2_thumb_only             0x08000191   Thumb Code     0  __scatter.o(!!!scatter)
    __scatterload_null                       0x0800019f   Thumb Code     0  __scatter.o(!!!scatter)
    __scatterload_copy                       0x080001c5   Thumb Code    26  __scatter_copy.o(!!handler_copy)
    __scatterload_zeroinit                   0x080001e1   Thumb Code    28  __scatter_zi.o(!!handler_zi)
    _printf_d                                0x080001fd   Thumb Code     0  _printf_d.o(.ARM.Collect$$_printf_percent$$00000009)
    _printf_percent                          0x080001fd   Thumb Code     0  _printf_percent.o(.ARM.Collect$$_printf_percent$$00000000)
    _printf_percent_end                      0x08000203   Thumb Code     0  _printf_percent_end.o(.ARM.Collect$$_printf_percent$$00000017)
    __rt_lib_init                            0x08000207   Thumb Code     0  libinit.o(.ARM.Collect$$libinit$$00000000)
    __rt_lib_init_fp_1                       0x08000209   Thumb Code     0  libinit2.o(.ARM.Collect$$libinit$$00000001)
    __rt_lib_init_heap_1                     0x0800020d   Thumb Code     0  libinit2.o(.ARM.Collect$$libinit$$0000000A)
    __rt_lib_init_preinit_1                  0x0800020d   Thumb Code     0  libinit2.o(.ARM.Collect$$libinit$$00000004)
    __rt_lib_init_rand_2                     0x0800020d   Thumb Code     0  libinit2.o(.ARM.Collect$$libinit$$0000000D)
    __rt_lib_init_user_alloc_1               0x0800020d   Thumb Code     0  libinit2.o(.ARM.Collect$$libinit$$0000000C)
    __rt_lib_init_alloca_1                   0x08000211   Thumb Code     0  libinit2.o(.ARM.Collect$$libinit$$0000002E)
    __rt_lib_init_argv_1                     0x08000211   Thumb Code     0  libinit2.o(.ARM.Collect$$libinit$$0000002C)
    __rt_lib_init_atexit_1                   0x08000211   Thumb Code     0  libinit2.o(.ARM.Collect$$libinit$$0000001B)
    __rt_lib_init_clock_1                    0x08000211   Thumb Code     0  libinit2.o(.ARM.Collect$$libinit$$00000021)
    __rt_lib_init_cpp_1                      0x08000211   Thumb Code     0  libinit2.o(.ARM.Collect$$libinit$$00000032)
    __rt_lib_init_exceptions_1               0x08000211   Thumb Code     0  libinit2.o(.ARM.Collect$$libinit$$00000030)
    __rt_lib_init_fp_trap_1                  0x08000211   Thumb Code     0  libinit2.o(.ARM.Collect$$libinit$$0000001F)
    __rt_lib_init_getenv_1                   0x08000211   Thumb Code     0  libinit2.o(.ARM.Collect$$libinit$$00000023)
    __rt_lib_init_lc_collate_1               0x08000211   Thumb Code     0  libinit2.o(.ARM.Collect$$libinit$$00000011)
    __rt_lib_init_lc_ctype_1                 0x08000211   Thumb Code     0  libinit2.o(.ARM.Collect$$libinit$$00000013)
    __rt_lib_init_lc_monetary_1              0x08000211   Thumb Code     0  libinit2.o(.ARM.Collect$$libinit$$00000015)
    __rt_lib_init_lc_numeric_1               0x08000211   Thumb Code     0  libinit2.o(.ARM.Collect$$libinit$$00000017)
    __rt_lib_init_lc_time_1                  0x08000211   Thumb Code     0  libinit2.o(.ARM.Collect$$libinit$$00000019)
    __rt_lib_init_rand_1                     0x08000211   Thumb Code     0  libinit2.o(.ARM.Collect$$libinit$$0000000E)
    __rt_lib_init_return                     0x08000211   Thumb Code     0  libinit2.o(.ARM.Collect$$libinit$$00000033)
    __rt_lib_init_signal_1                   0x08000211   Thumb Code     0  libinit2.o(.ARM.Collect$$libinit$$0000001D)
    __rt_lib_init_stdio_1                    0x08000211   Thumb Code     0  libinit2.o(.ARM.Collect$$libinit$$00000025)
    __rt_lib_shutdown                        0x08000213   Thumb Code     0  libshutdown.o(.ARM.Collect$$libshutdown$$00000000)
    __rt_lib_shutdown_cpp_1                  0x08000215   Thumb Code     0  libshutdown2.o(.ARM.Collect$$libshutdown$$00000004)
    __rt_lib_shutdown_fini_1                 0x08000215   Thumb Code     0  libshutdown2.o(.ARM.Collect$$libshutdown$$00000002)
    __rt_lib_shutdown_fp_trap_1              0x08000215   Thumb Code     0  libshutdown2.o(.ARM.Collect$$libshutdown$$00000009)
    __rt_lib_shutdown_heap_1                 0x08000215   Thumb Code     0  libshutdown2.o(.ARM.Collect$$libshutdown$$00000011)
    __rt_lib_shutdown_return                 0x08000215   Thumb Code     0  libshutdown2.o(.ARM.Collect$$libshutdown$$00000012)
    __rt_lib_shutdown_signal_1               0x08000215   Thumb Code     0  libshutdown2.o(.ARM.Collect$$libshutdown$$0000000C)
    __rt_lib_shutdown_stdio_1                0x08000215   Thumb Code     0  libshutdown2.o(.ARM.Collect$$libshutdown$$00000006)
    __rt_lib_shutdown_user_alloc_1           0x08000215   Thumb Code     0  libshutdown2.o(.ARM.Collect$$libshutdown$$0000000E)
    __rt_entry                               0x08000217   Thumb Code     0  __rtentry.o(.ARM.Collect$$rtentry$$00000000)
    __rt_entry_presh_1                       0x08000217   Thumb Code     0  __rtentry2.o(.ARM.Collect$$rtentry$$00000002)
    __rt_entry_sh                            0x08000217   Thumb Code     0  __rtentry4.o(.ARM.Collect$$rtentry$$00000004)
    __rt_entry_li                            0x0800021d   Thumb Code     0  __rtentry2.o(.ARM.Collect$$rtentry$$0000000A)
    __rt_entry_postsh_1                      0x0800021d   Thumb Code     0  __rtentry2.o(.ARM.Collect$$rtentry$$00000009)
    __rt_entry_main                          0x08000221   Thumb Code     0  __rtentry2.o(.ARM.Collect$$rtentry$$0000000D)
    __rt_entry_postli_1                      0x08000221   Thumb Code     0  __rtentry2.o(.ARM.Collect$$rtentry$$0000000C)
    __rt_exit                                0x08000229   Thumb Code     0  rtexit.o(.ARM.Collect$$rtexit$$00000000)
    __rt_exit_ls                             0x0800022b   Thumb Code     0  rtexit2.o(.ARM.Collect$$rtexit$$00000003)
    __rt_exit_prels_1                        0x0800022b   Thumb Code     0  rtexit2.o(.ARM.Collect$$rtexit$$00000002)
    __rt_exit_exit                           0x0800022f   Thumb Code     0  rtexit2.o(.ARM.Collect$$rtexit$$00000004)
    rand                                     0x08000235   Thumb Code    48  rand.o(.emb_text)
    Reset_Handler                            0x08000269   Thumb Code     8  startup_stm32f407xx.o(.text)
    ADC_IRQHandler                           0x08000283   Thumb Code     0  startup_stm32f407xx.o(.text)
    CAN1_RX0_IRQHandler                      0x08000283   Thumb Code     0  startup_stm32f407xx.o(.text)
    CAN1_RX1_IRQHandler                      0x08000283   Thumb Code     0  startup_stm32f407xx.o(.text)
    CAN1_SCE_IRQHandler                      0x08000283   Thumb Code     0  startup_stm32f407xx.o(.text)
    CAN1_TX_IRQHandler                       0x08000283   Thumb Code     0  startup_stm32f407xx.o(.text)
    CAN2_RX0_IRQHandler                      0x08000283   Thumb Code     0  startup_stm32f407xx.o(.text)
    CAN2_RX1_IRQHandler                      0x08000283   Thumb Code     0  startup_stm32f407xx.o(.text)
    CAN2_SCE_IRQHandler                      0x08000283   Thumb Code     0  startup_stm32f407xx.o(.text)
    CAN2_TX_IRQHandler                       0x08000283   Thumb Code     0  startup_stm32f407xx.o(.text)
    DCMI_IRQHandler                          0x08000283   Thumb Code     0  startup_stm32f407xx.o(.text)
    DMA1_Stream0_IRQHandler                  0x08000283   Thumb Code     0  startup_stm32f407xx.o(.text)
    DMA1_Stream1_IRQHandler                  0x08000283   Thumb Code     0  startup_stm32f407xx.o(.text)
    DMA1_Stream2_IRQHandler                  0x08000283   Thumb Code     0  startup_stm32f407xx.o(.text)
    DMA1_Stream3_IRQHandler                  0x08000283   Thumb Code     0  startup_stm32f407xx.o(.text)
    DMA1_Stream4_IRQHandler                  0x08000283   Thumb Code     0  startup_stm32f407xx.o(.text)
    DMA1_Stream5_IRQHandler                  0x08000283   Thumb Code     0  startup_stm32f407xx.o(.text)
    DMA1_Stream6_IRQHandler                  0x08000283   Thumb Code     0  startup_stm32f407xx.o(.text)
    DMA1_Stream7_IRQHandler                  0x08000283   Thumb Code     0  startup_stm32f407xx.o(.text)
    DMA2_Stream0_IRQHandler                  0x08000283   Thumb Code     0  startup_stm32f407xx.o(.text)
    DMA2_Stream1_IRQHandler                  0x08000283   Thumb Code     0  startup_stm32f407xx.o(.text)
    DMA2_Stream2_IRQHandler                  0x08000283   Thumb Code     0  startup_stm32f407xx.o(.text)
    DMA2_Stream4_IRQHandler                  0x08000283   Thumb Code     0  startup_stm32f407xx.o(.text)
    DMA2_Stream5_IRQHandler                  0x08000283   Thumb Code     0  startup_stm32f407xx.o(.text)
    DMA2_Stream6_IRQHandler                  0x08000283   Thumb Code     0  startup_stm32f407xx.o(.text)
    DMA2_Stream7_IRQHandler                  0x08000283   Thumb Code     0  startup_stm32f407xx.o(.text)
    ETH_IRQHandler                           0x08000283   Thumb Code     0  startup_stm32f407xx.o(.text)
    ETH_WKUP_IRQHandler                      0x08000283   Thumb Code     0  startup_stm32f407xx.o(.text)
    EXTI0_IRQHandler                         0x08000283   Thumb Code     0  startup_stm32f407xx.o(.text)
    EXTI15_10_IRQHandler                     0x08000283   Thumb Code     0  startup_stm32f407xx.o(.text)
    EXTI1_IRQHandler                         0x08000283   Thumb Code     0  startup_stm32f407xx.o(.text)
    EXTI3_IRQHandler                         0x08000283   Thumb Code     0  startup_stm32f407xx.o(.text)
    EXTI4_IRQHandler                         0x08000283   Thumb Code     0  startup_stm32f407xx.o(.text)
    EXTI9_5_IRQHandler                       0x08000283   Thumb Code     0  startup_stm32f407xx.o(.text)
    FLASH_IRQHandler                         0x08000283   Thumb Code     0  startup_stm32f407xx.o(.text)
    FMC_IRQHandler                           0x08000283   Thumb Code     0  startup_stm32f407xx.o(.text)
    FPU_IRQHandler                           0x08000283   Thumb Code     0  startup_stm32f407xx.o(.text)
    HASH_RNG_IRQHandler                      0x08000283   Thumb Code     0  startup_stm32f407xx.o(.text)
    I2C1_ER_IRQHandler                       0x08000283   Thumb Code     0  startup_stm32f407xx.o(.text)
    I2C1_EV_IRQHandler                       0x08000283   Thumb Code     0  startup_stm32f407xx.o(.text)
    I2C2_ER_IRQHandler                       0x08000283   Thumb Code     0  startup_stm32f407xx.o(.text)
    I2C2_EV_IRQHandler                       0x08000283   Thumb Code     0  startup_stm32f407xx.o(.text)
    I2C3_ER_IRQHandler                       0x08000283   Thumb Code     0  startup_stm32f407xx.o(.text)
    I2C3_EV_IRQHandler                       0x08000283   Thumb Code     0  startup_stm32f407xx.o(.text)
    OTG_FS_IRQHandler                        0x08000283   Thumb Code     0  startup_stm32f407xx.o(.text)
    OTG_FS_WKUP_IRQHandler                   0x08000283   Thumb Code     0  startup_stm32f407xx.o(.text)
    OTG_HS_EP1_IN_IRQHandler                 0x08000283   Thumb Code     0  startup_stm32f407xx.o(.text)
    OTG_HS_EP1_OUT_IRQHandler                0x08000283   Thumb Code     0  startup_stm32f407xx.o(.text)
    OTG_HS_IRQHandler                        0x08000283   Thumb Code     0  startup_stm32f407xx.o(.text)
    OTG_HS_WKUP_IRQHandler                   0x08000283   Thumb Code     0  startup_stm32f407xx.o(.text)
    PVD_IRQHandler                           0x08000283   Thumb Code     0  startup_stm32f407xx.o(.text)
    RCC_IRQHandler                           0x08000283   Thumb Code     0  startup_stm32f407xx.o(.text)
    RTC_Alarm_IRQHandler                     0x08000283   Thumb Code     0  startup_stm32f407xx.o(.text)
    RTC_WKUP_IRQHandler                      0x08000283   Thumb Code     0  startup_stm32f407xx.o(.text)
    SDIO_IRQHandler                          0x08000283   Thumb Code     0  startup_stm32f407xx.o(.text)
    SPI2_IRQHandler                          0x08000283   Thumb Code     0  startup_stm32f407xx.o(.text)
    SPI3_IRQHandler                          0x08000283   Thumb Code     0  startup_stm32f407xx.o(.text)
    TAMP_STAMP_IRQHandler                    0x08000283   Thumb Code     0  startup_stm32f407xx.o(.text)
    TIM1_BRK_TIM9_IRQHandler                 0x08000283   Thumb Code     0  startup_stm32f407xx.o(.text)
    TIM1_CC_IRQHandler                       0x08000283   Thumb Code     0  startup_stm32f407xx.o(.text)
    TIM1_TRG_COM_TIM11_IRQHandler            0x08000283   Thumb Code     0  startup_stm32f407xx.o(.text)
    TIM1_UP_TIM10_IRQHandler                 0x08000283   Thumb Code     0  startup_stm32f407xx.o(.text)
    TIM2_IRQHandler                          0x08000283   Thumb Code     0  startup_stm32f407xx.o(.text)
    TIM3_IRQHandler                          0x08000283   Thumb Code     0  startup_stm32f407xx.o(.text)
    TIM4_IRQHandler                          0x08000283   Thumb Code     0  startup_stm32f407xx.o(.text)
    TIM5_IRQHandler                          0x08000283   Thumb Code     0  startup_stm32f407xx.o(.text)
    TIM6_DAC_IRQHandler                      0x08000283   Thumb Code     0  startup_stm32f407xx.o(.text)
    TIM7_IRQHandler                          0x08000283   Thumb Code     0  startup_stm32f407xx.o(.text)
    TIM8_BRK_TIM12_IRQHandler                0x08000283   Thumb Code     0  startup_stm32f407xx.o(.text)
    TIM8_CC_IRQHandler                       0x08000283   Thumb Code     0  startup_stm32f407xx.o(.text)
    TIM8_TRG_COM_TIM14_IRQHandler            0x08000283   Thumb Code     0  startup_stm32f407xx.o(.text)
    TIM8_UP_TIM13_IRQHandler                 0x08000283   Thumb Code     0  startup_stm32f407xx.o(.text)
    UART4_IRQHandler                         0x08000283   Thumb Code     0  startup_stm32f407xx.o(.text)
    UART5_IRQHandler                         0x08000283   Thumb Code     0  startup_stm32f407xx.o(.text)
    USART1_IRQHandler                        0x08000283   Thumb Code     0  startup_stm32f407xx.o(.text)
    USART2_IRQHandler                        0x08000283   Thumb Code     0  startup_stm32f407xx.o(.text)
    USART3_IRQHandler                        0x08000283   Thumb Code     0  startup_stm32f407xx.o(.text)
    USART6_IRQHandler                        0x08000283   Thumb Code     0  startup_stm32f407xx.o(.text)
    WWDG_IRQHandler                          0x08000283   Thumb Code     0  startup_stm32f407xx.o(.text)
    __user_initial_stackheap                 0x08000285   Thumb Code     0  startup_stm32f407xx.o(.text)
    __aeabi_uldivmod                         0x080002a9   Thumb Code     0  lludivv7m.o(.text)
    _ll_udiv                                 0x080002a9   Thumb Code   238  lludivv7m.o(.text)
    __2sprintf                               0x08000399   Thumb Code    34  noretval__2sprintf.o(.text)
    _printf_pre_padding                      0x080003c1   Thumb Code    44  _printf_pad.o(.text)
    _printf_post_padding                     0x080003ed   Thumb Code    34  _printf_pad.o(.text)
    _printf_int_dec                          0x08000411   Thumb Code   104  _printf_dec.o(.text)
    __printf                                 0x08000489   Thumb Code   388  __printf_flags_ss_wp.o(.text)
    srand                                    0x08000611   Thumb Code    42  rand.o(.text)
    _rand_init                               0x0800063b   Thumb Code     4  rand.o(.text)
    strlen                                   0x0800064d   Thumb Code    62  strlen.o(.text)
    __aeabi_memclr4                          0x0800068b   Thumb Code     0  rt_memclr_w.o(.text)
    __aeabi_memclr8                          0x0800068b   Thumb Code     0  rt_memclr_w.o(.text)
    __rt_memclr_w                            0x0800068b   Thumb Code    78  rt_memclr_w.o(.text)
    _memset_w                                0x0800068f   Thumb Code     0  rt_memclr_w.o(.text)
    __use_two_region_memory                  0x080006d9   Thumb Code     2  heapauxi.o(.text)
    __rt_heap_escrow$2region                 0x080006db   Thumb Code     2  heapauxi.o(.text)
    __rt_heap_expand$2region                 0x080006dd   Thumb Code     2  heapauxi.o(.text)
    _printf_int_common                       0x080006df   Thumb Code   178  _printf_intcommon.o(.text)
    _printf_char_common                      0x0800079b   Thumb Code    32  _printf_char_common.o(.text)
    _sputc                                   0x080007c1   Thumb Code    10  _sputc.o(.text)
    __user_libspace                          0x080007cd   Thumb Code     8  libspace.o(.text)
    __user_perproc_libspace                  0x080007cd   Thumb Code     0  libspace.o(.text)
    __user_perthread_libspace                0x080007cd   Thumb Code     0  libspace.o(.text)
    __user_setup_stackheap                   0x080007d5   Thumb Code    74  sys_stackheap_outer.o(.text)
    exit                                     0x0800081f   Thumb Code    18  exit.o(.text)
    _sys_exit                                0x08000831   Thumb Code     8  sys_exit.o(.text)
    __I$use$semihosting                      0x0800083d   Thumb Code     0  use_no_semi.o(.text)
    __use_no_semihosting_swi                 0x0800083d   Thumb Code     2  use_no_semi.o(.text)
    BusFault_Handler                         0x0800083f   Thumb Code     2  stm32f4xx_it.o(i.BusFault_Handler)
    __semihosting_library_function           0x0800083f   Thumb Code     0  indicate_semi.o(.text)
    DMA2_Stream3_IRQHandler                  0x08000841   Thumb Code     6  stm32f4xx_it.o(i.DMA2_Stream3_IRQHandler)
    DebugMon_Handler                         0x080008f1   Thumb Code     2  stm32f4xx_it.o(i.DebugMon_Handler)
    Displ_BackLight                          0x080008f5   Thumb Code   124  z_displ_ili9xxx.o(i.Displ_BackLight)
    Displ_Border                             0x0800097d   Thumb Code    94  z_displ_ili9xxx.o(i.Displ_Border)
    Displ_CLS                                0x080009dd   Thumb Code    24  z_displ_ili9xxx.o(i.Displ_CLS)
    Displ_CString                            0x080009f9   Thumb Code   306  z_displ_ili9xxx.o(i.Displ_CString)
    Displ_FillArea                           0x08000b31   Thumb Code   210  z_displ_ili9xxx.o(i.Displ_FillArea)
    Displ_Init                               0x08000c0d   Thumb Code    38  z_displ_ili9xxx.o(i.Displ_Init)
    Displ_Line                               0x08000c3d   Thumb Code   296  z_displ_ili9xxx.o(i.Displ_Line)
    Displ_Orientation                        0x08000d65   Thumb Code    80  z_displ_ili9xxx.o(i.Displ_Orientation)
    Displ_Page                               0x08000db9   Thumb Code   162  z_displ_ili9xxx_test.o(i.Displ_Page)
    Displ_PerfTest                           0x08000e69   Thumb Code   598  z_displ_ili9xxx_test.o(i.Displ_PerfTest)
    Displ_Pixel                              0x08001171   Thumb Code    32  z_displ_ili9xxx.o(i.Displ_Pixel)
    Displ_Select                             0x08001195   Thumb Code    62  z_displ_ili9xxx.o(i.Displ_Select)
    Displ_SetAddressWindow                   0x080011e1   Thumb Code    82  z_displ_ili9xxx.o(i.Displ_SetAddressWindow)
    Displ_TestAll                            0x08001239   Thumb Code    82  z_displ_ili9xxx_test.o(i.Displ_TestAll)
    Displ_Transmit                           0x0800128d   Thumb Code   148  z_displ_ili9xxx.o(i.Displ_Transmit)
    Displ_WChar                              0x08001331   Thumb Code   390  z_displ_ili9xxx.o(i.Displ_WChar)
    Displ_WString                            0x080014c1   Thumb Code    88  z_displ_ili9xxx.o(i.Displ_WString)
    Displ_WriteCommand                       0x08001519   Thumb Code    16  z_displ_ili9xxx.o(i.Displ_WriteCommand)
    Displ_WriteData                          0x08001529   Thumb Code    20  z_displ_ili9xxx.o(i.Displ_WriteData)
    Displ_drawCircle                         0x0800153d   Thumb Code   272  z_displ_ili9xxx.o(i.Displ_drawCircle)
    Displ_drawRoundRect                      0x0800164d   Thumb Code   188  z_displ_ili9xxx.o(i.Displ_drawRoundRect)
    Displ_drawTriangle                       0x08001709   Thumb Code    56  z_displ_ili9xxx.o(i.Displ_drawTriangle)
    Displ_fillCircle                         0x08001741   Thumb Code    52  z_displ_ili9xxx.o(i.Displ_fillCircle)
    Displ_fillRoundRect                      0x08001775   Thumb Code   130  z_displ_ili9xxx.o(i.Displ_fillRoundRect)
    Displ_fillTriangle                       0x080017f7   Thumb Code   326  z_displ_ili9xxx.o(i.Displ_fillTriangle)
    DrawCross                                0x0800193d   Thumb Code    50  z_touch_xpt2046_test.o(i.DrawCross)
    EXTI2_IRQHandler                         0x0800196f   Thumb Code     6  stm32f4xx_it.o(i.EXTI2_IRQHandler)
    Error_Handler                            0x08001975   Thumb Code     4  main.o(i.Error_Handler)
    HAL_DMA_Abort_IT                         0x08001979   Thumb Code    36  stm32f4xx_hal_dma.o(i.HAL_DMA_Abort_IT)
    HAL_DMA_IRQHandler                       0x0800199d   Thumb Code   412  stm32f4xx_hal_dma.o(i.HAL_DMA_IRQHandler)
    HAL_DMA_Init                             0x08001b3d   Thumb Code   206  stm32f4xx_hal_dma.o(i.HAL_DMA_Init)
    HAL_DMA_Start_IT                         0x08001c11   Thumb Code   110  stm32f4xx_hal_dma.o(i.HAL_DMA_Start_IT)
    HAL_Delay                                0x08001c81   Thumb Code    32  stm32f4xx_hal.o(i.HAL_Delay)
    HAL_GPIO_EXTI_Callback                   0x08001ca5   Thumb Code    10  z_touch_xpt2046.o(i.HAL_GPIO_EXTI_Callback)
    HAL_GPIO_EXTI_IRQHandler                 0x08001cb1   Thumb Code    18  stm32f4xx_hal_gpio.o(i.HAL_GPIO_EXTI_IRQHandler)
    HAL_GPIO_Init                            0x08001cc9   Thumb Code   450  stm32f4xx_hal_gpio.o(i.HAL_GPIO_Init)
    HAL_GPIO_ReadPin                         0x08001eb9   Thumb Code    10  stm32f4xx_hal_gpio.o(i.HAL_GPIO_ReadPin)
    HAL_GPIO_WritePin                        0x08001ec3   Thumb Code    10  stm32f4xx_hal_gpio.o(i.HAL_GPIO_WritePin)
    HAL_GetTick                              0x08001ecd   Thumb Code     6  stm32f4xx_hal.o(i.HAL_GetTick)
    HAL_IncTick                              0x08001ed9   Thumb Code    12  stm32f4xx_hal.o(i.HAL_IncTick)
    HAL_Init                                 0x08001ee9   Thumb Code    48  stm32f4xx_hal.o(i.HAL_Init)
    HAL_InitTick                             0x08001f1d   Thumb Code    54  stm32f4xx_hal.o(i.HAL_InitTick)
    HAL_MspInit                              0x08001f5d   Thumb Code    42  stm32f4xx_hal_msp.o(i.HAL_MspInit)
    HAL_NVIC_ClearPendingIRQ                 0x08001f8d   Thumb Code    26  stm32f4xx_hal_cortex.o(i.HAL_NVIC_ClearPendingIRQ)
    HAL_NVIC_DisableIRQ                      0x08001fa7   Thumb Code    34  stm32f4xx_hal_cortex.o(i.HAL_NVIC_DisableIRQ)
    HAL_NVIC_EnableIRQ                       0x08001fc9   Thumb Code    26  stm32f4xx_hal_cortex.o(i.HAL_NVIC_EnableIRQ)
    HAL_NVIC_SetPriority                     0x08001fe5   Thumb Code    60  stm32f4xx_hal_cortex.o(i.HAL_NVIC_SetPriority)
    HAL_NVIC_SetPriorityGrouping             0x08002025   Thumb Code    26  stm32f4xx_hal_cortex.o(i.HAL_NVIC_SetPriorityGrouping)
    HAL_RCC_ClockConfig                      0x08002049   Thumb Code   288  stm32f4xx_hal_rcc.o(i.HAL_RCC_ClockConfig)
    HAL_RCC_GetPCLK1Freq                     0x0800217d   Thumb Code    20  stm32f4xx_hal_rcc.o(i.HAL_RCC_GetPCLK1Freq)
    HAL_RCC_GetPCLK2Freq                     0x0800219d   Thumb Code    20  stm32f4xx_hal_rcc.o(i.HAL_RCC_GetPCLK2Freq)
    HAL_RCC_GetSysClockFreq                  0x080021bd   Thumb Code    66  stm32f4xx_hal_rcc.o(i.HAL_RCC_GetSysClockFreq)
    HAL_RCC_OscConfig                        0x08002209   Thumb Code   856  stm32f4xx_hal_rcc.o(i.HAL_RCC_OscConfig)
    HAL_SPI_ErrorCallback                    0x08002575   Thumb Code    16  z_displ_ili9xxx.o(i.HAL_SPI_ErrorCallback)
    HAL_SPI_IRQHandler                       0x0800258d   Thumb Code   246  stm32f4xx_hal_spi.o(i.HAL_SPI_IRQHandler)
    HAL_SPI_Init                             0x08002689   Thumb Code   188  stm32f4xx_hal_spi.o(i.HAL_SPI_Init)
    HAL_SPI_MspInit                          0x08002745   Thumb Code   156  stm32f4xx_hal_msp.o(i.HAL_SPI_MspInit)
    HAL_SPI_Receive                          0x080027f5   Thumb Code   340  stm32f4xx_hal_spi.o(i.HAL_SPI_Receive)
    HAL_SPI_Transmit                         0x08002949   Thumb Code   358  stm32f4xx_hal_spi.o(i.HAL_SPI_Transmit)
    HAL_SPI_TransmitReceive                  0x08002aaf   Thumb Code   496  stm32f4xx_hal_spi.o(i.HAL_SPI_TransmitReceive)
    HAL_SPI_Transmit_DMA                     0x08002ca1   Thumb Code   190  stm32f4xx_hal_spi.o(i.HAL_SPI_Transmit_DMA)
    HAL_SPI_TxCpltCallback                   0x08002d6d   Thumb Code    16  z_displ_ili9xxx.o(i.HAL_SPI_TxCpltCallback)
    HAL_SPI_TxHalfCpltCallback               0x08002d85   Thumb Code     2  stm32f4xx_hal_spi.o(i.HAL_SPI_TxHalfCpltCallback)
    HAL_SYSTICK_Config                       0x08002d87   Thumb Code    40  stm32f4xx_hal_cortex.o(i.HAL_SYSTICK_Config)
    HAL_TIMEx_MasterConfigSynchronization    0x08002db1   Thumb Code   116  stm32f4xx_hal_tim_ex.o(i.HAL_TIMEx_MasterConfigSynchronization)
    HAL_TIM_MspPostInit                      0x08002e41   Thumb Code    68  stm32f4xx_hal_msp.o(i.HAL_TIM_MspPostInit)
    HAL_TIM_PWM_ConfigChannel                0x08002e91   Thumb Code   204  stm32f4xx_hal_tim.o(i.HAL_TIM_PWM_ConfigChannel)
    HAL_TIM_PWM_Init                         0x08002f5d   Thumb Code    90  stm32f4xx_hal_tim.o(i.HAL_TIM_PWM_Init)
    HAL_TIM_PWM_MspInit                      0x08002fb9   Thumb Code    30  stm32f4xx_hal_msp.o(i.HAL_TIM_PWM_MspInit)
    HAL_TIM_PWM_Start                        0x08002fe1   Thumb Code   172  stm32f4xx_hal_tim.o(i.HAL_TIM_PWM_Start)
    HAL_UART_Init                            0x080030a9   Thumb Code   100  stm32f4xx_hal_uart.o(i.HAL_UART_Init)
    HAL_UART_MspInit                         0x0800310d   Thumb Code    94  stm32f4xx_hal_msp.o(i.HAL_UART_MspInit)
    HardFault_Handler                        0x08003179   Thumb Code     2  stm32f4xx_it.o(i.HardFault_Handler)
    ILI9XXX_Init                             0x0800317d   Thumb Code   116  z_displ_ili9xxx.o(i.ILI9XXX_Init)
    MemManage_Handler                        0x080033a5   Thumb Code     2  stm32f4xx_it.o(i.MemManage_Handler)
    NMI_Handler                              0x080033a7   Thumb Code     2  stm32f4xx_it.o(i.NMI_Handler)
    PendSV_Handler                           0x080033a9   Thumb Code     2  stm32f4xx_it.o(i.PendSV_Handler)
    SPI1_IRQHandler                          0x080033ad   Thumb Code     6  stm32f4xx_it.o(i.SPI1_IRQHandler)
    SVC_Handler                              0x080035d9   Thumb Code     2  stm32f4xx_it.o(i.SVC_Handler)
    SysTick_Handler                          0x080035db   Thumb Code     4  stm32f4xx_it.o(i.SysTick_Handler)
    SystemClock_Config                       0x080035e1   Thumb Code   140  main.o(i.SystemClock_Config)
    SystemInit                               0x08003675   Thumb Code    12  system_stm32f4xx.o(i.SystemInit)
    TIM_Base_SetConfig                       0x08003685   Thumb Code   170  stm32f4xx_hal_tim.o(i.TIM_Base_SetConfig)
    TIM_CCxChannelCmd                        0x0800375d   Thumb Code    26  stm32f4xx_hal_tim.o(i.TIM_CCxChannelCmd)
    TIM_OC2_SetConfig                        0x080037d9   Thumb Code    98  stm32f4xx_hal_tim.o(i.TIM_OC2_SetConfig)
    TestChar                                 0x080038fd   Thumb Code   198  z_displ_ili9xxx_test.o(i.TestChar)
    TestFillScreen                           0x080039d1   Thumb Code   108  z_displ_ili9xxx_test.o(i.TestFillScreen)
    TestHVLine                               0x08003a3d   Thumb Code   156  z_displ_ili9xxx_test.o(i.TestHVLine)
    Touch_GetXYtouch                         0x08003ae1   Thumb Code   230  z_touch_xpt2046.o(i.Touch_GetXYtouch)
    Touch_GotATouch                          0x08003bd5   Thumb Code    48  z_touch_xpt2046.o(i.Touch_GotATouch)
    Touch_HandlePenDownInterrupt             0x08003c09   Thumb Code    14  z_touch_xpt2046.o(i.Touch_HandlePenDownInterrupt)
    Touch_PollAxis                           0x08003c1d   Thumb Code    86  z_touch_xpt2046.o(i.Touch_PollAxis)
    Touch_Select                             0x08003c7d   Thumb Code    66  z_touch_xpt2046.o(i.Touch_Select)
    Touch_TestDrawing                        0x08003cd1   Thumb Code   194  z_touch_xpt2046_test.o(i.Touch_TestDrawing)
    Touch_UnSelect                           0x08003db9   Thumb Code    10  z_touch_xpt2046.o(i.Touch_UnSelect)
    Touch_WaitForTouch                       0x08003dc9   Thumb Code    40  z_touch_xpt2046.o(i.Touch_WaitForTouch)
    UsageFault_Handler                       0x08003f01   Thumb Code     2  stm32f4xx_it.o(i.UsageFault_Handler)
    _is_digit                                0x08003f23   Thumb Code    14  __printf_wp.o(i._is_digit)
    drawCircleHelper                         0x08003f31   Thumb Code   230  z_displ_ili9xxx.o(i.drawCircleHelper)
    fillCircleHelper                         0x08004017   Thumb Code   220  z_displ_ili9xxx.o(i.fillCircleHelper)
    main                                     0x080040f5   Thumb Code   116  main.o(i.main)
    testCircles                              0x08004175   Thumb Code    70  z_displ_ili9xxx_test.o(i.testCircles)
    testFastLines                            0x080041c5   Thumb Code    90  z_displ_ili9xxx_test.o(i.testFastLines)
    testFillScreen                           0x08004229   Thumb Code    42  z_displ_ili9xxx_test.o(i.testFillScreen)
    testFilledCircles                        0x08004255   Thumb Code    70  z_displ_ili9xxx_test.o(i.testFilledCircles)
    testFilledRects                          0x080042a5   Thumb Code   120  z_displ_ili9xxx_test.o(i.testFilledRects)
    testFilledRoundRects                     0x08004325   Thumb Code   146  z_displ_ili9xxx_test.o(i.testFilledRoundRects)
    testFilledTriangles                      0x080043c1   Thumb Code   152  z_displ_ili9xxx_test.o(i.testFilledTriangles)
    testLines                                0x08004461   Thumb Code   310  z_displ_ili9xxx_test.o(i.testLines)
    testRects                                0x080045a1   Thumb Code    96  z_displ_ili9xxx_test.o(i.testRects)
    testRoundRects                           0x08004609   Thumb Code   130  z_displ_ili9xxx_test.o(i.testRoundRects)
    testTriangles                            0x08004695   Thumb Code    96  z_displ_ili9xxx_test.o(i.testTriangles)
    wait                                     0x080046fd   Thumb Code    32  z_displ_ili9xxx_test.o(i.wait)
    _fp_init                                 0x0800471d   Thumb Code    10  fpinit.o(x$fpl$fpinit)
    __fplib_config_fpu_vfp                   0x08004725   Thumb Code     0  fpinit.o(x$fpl$fpinit)
    __fplib_config_pureend_doubles           0x08004725   Thumb Code     0  fpinit.o(x$fpl$fpinit)
    AHBPrescTable                            0x0800472e   Data          16  system_stm32f4xx.o(.constdata)
    APBPrescTable                            0x0800473e   Data           8  system_stm32f4xx.o(.constdata)
    Font12_Table                             0x08004746   Data        1140  font12.o(.constdata)
    Font16_Table                             0x08004bba   Data        3040  font16.o(.constdata)
    Font20_Table                             0x0800579a   Data        3800  font20.o(.constdata)
    Font24_Table                             0x08006672   Data        6840  font24.o(.constdata)
    Region$$Table$$Base                      0x0800813c   Number         0  anon$$obj.o(Region$$Table)
    Region$$Table$$Limit                     0x0800815c   Number         0  anon$$obj.o(Region$$Table)
    uwTickFreq                               0x20000000   Data           1  stm32f4xx_hal.o(.data)
    uwTickPrio                               0x20000004   Data           4  stm32f4xx_hal.o(.data)
    uwTick                                   0x20000008   Data           4  stm32f4xx_hal.o(.data)
    SystemCoreClock                          0x2000000c   Data           4  system_stm32f4xx.o(.data)
    Font12                                   0x20000010   Data          12  font12.o(.data)
    Font16                                   0x2000001c   Data          12  font16.o(.data)
    Font20                                   0x20000028   Data          12  font20.o(.data)
    Font24                                   0x20000034   Data          12  font24.o(.data)
    Displ_SpiAvailable                       0x20000040   Data           1  z_displ_ili9xxx.o(.data)
    current_orientation                      0x20000043   Data           1  z_displ_ili9xxx.o(.data)
    _width                                   0x20000046   Data           2  z_displ_ili9xxx.o(.data)
    _height                                  0x20000048   Data           2  z_displ_ili9xxx.o(.data)
    Touch_PenDown                            0x20000054   Data           1  z_touch_xpt2046.o(.data)
    Touch_Int_Enabled                        0x20000055   Data           1  z_touch_xpt2046.o(.data)
    hspi1                                    0x2000005c   Data          88  main.o(.bss)
    htim3                                    0x200000b4   Data          72  main.o(.bss)
    huart1                                   0x200000fc   Data          72  main.o(.bss)
    hdma_spi1_tx                             0x20000144   Data          96  main.o(.bss)
    _random_number_data                      0x200011a4   Data         228  rand.o(.bss)
    __libspace_start                         0x20001288   Data          96  libspace.o(.bss)
    __temporary_stack_top$libspace           0x200012e8   Data           0  libspace.o(.bss)



==============================================================================

Memory Map of the image

  Image Entry point : 0x08000189

  Load Region LR_IROM1 (Base: 0x08000000, Size: 0x000081b8, Max: 0x00080000, ABSOLUTE)

    Execution Region ER_IROM1 (Exec base: 0x08000000, Load base: 0x08000000, Size: 0x0000815c, Max: 0x00080000, ABSOLUTE)

    Exec Addr    Load Addr    Size         Type   Attr      Idx    E Section Name        Object

    0x08000000   0x08000000   0x00000188   Data   RO            3    RESET               startup_stm32f407xx.o
    0x08000188   0x08000188   0x00000008   Code   RO         3887  * !!!main             c_w.l(__main.o)
    0x08000190   0x08000190   0x00000034   Code   RO         4119    !!!scatter          c_w.l(__scatter.o)
    0x080001c4   0x080001c4   0x0000001a   Code   RO         4121    !!handler_copy      c_w.l(__scatter_copy.o)
    0x080001de   0x080001de   0x00000002   PAD
    0x080001e0   0x080001e0   0x0000001c   Code   RO         4123    !!handler_zi        c_w.l(__scatter_zi.o)
    0x080001fc   0x080001fc   0x00000000   Code   RO         3871    .ARM.Collect$$_printf_percent$$00000000  c_w.l(_printf_percent.o)
    0x080001fc   0x080001fc   0x00000006   Code   RO         3869    .ARM.Collect$$_printf_percent$$00000009  c_w.l(_printf_d.o)
    0x08000202   0x08000202   0x00000004   Code   RO         3906    .ARM.Collect$$_printf_percent$$00000017  c_w.l(_printf_percent_end.o)
    0x08000206   0x08000206   0x00000002   Code   RO         4043    .ARM.Collect$$libinit$$00000000  c_w.l(libinit.o)
    0x08000208   0x08000208   0x00000004   Code   RO         3907    .ARM.Collect$$libinit$$00000001  c_w.l(libinit2.o)
    0x0800020c   0x0800020c   0x00000000   Code   RO         3910    .ARM.Collect$$libinit$$00000004  c_w.l(libinit2.o)
    0x0800020c   0x0800020c   0x00000000   Code   RO         3913    .ARM.Collect$$libinit$$0000000A  c_w.l(libinit2.o)
    0x0800020c   0x0800020c   0x00000000   Code   RO         3915    .ARM.Collect$$libinit$$0000000C  c_w.l(libinit2.o)
    0x0800020c   0x0800020c   0x00000004   Code   RO         3916    .ARM.Collect$$libinit$$0000000D  c_w.l(libinit2.o)
    0x08000210   0x08000210   0x00000000   Code   RO         3917    .ARM.Collect$$libinit$$0000000E  c_w.l(libinit2.o)
    0x08000210   0x08000210   0x00000000   Code   RO         3920    .ARM.Collect$$libinit$$00000011  c_w.l(libinit2.o)
    0x08000210   0x08000210   0x00000000   Code   RO         3922    .ARM.Collect$$libinit$$00000013  c_w.l(libinit2.o)
    0x08000210   0x08000210   0x00000000   Code   RO         3924    .ARM.Collect$$libinit$$00000015  c_w.l(libinit2.o)
    0x08000210   0x08000210   0x00000000   Code   RO         3926    .ARM.Collect$$libinit$$00000017  c_w.l(libinit2.o)
    0x08000210   0x08000210   0x00000000   Code   RO         3928    .ARM.Collect$$libinit$$00000019  c_w.l(libinit2.o)
    0x08000210   0x08000210   0x00000000   Code   RO         3930    .ARM.Collect$$libinit$$0000001B  c_w.l(libinit2.o)
    0x08000210   0x08000210   0x00000000   Code   RO         3932    .ARM.Collect$$libinit$$0000001D  c_w.l(libinit2.o)
    0x08000210   0x08000210   0x00000000   Code   RO         3934    .ARM.Collect$$libinit$$0000001F  c_w.l(libinit2.o)
    0x08000210   0x08000210   0x00000000   Code   RO         3936    .ARM.Collect$$libinit$$00000021  c_w.l(libinit2.o)
    0x08000210   0x08000210   0x00000000   Code   RO         3938    .ARM.Collect$$libinit$$00000023  c_w.l(libinit2.o)
    0x08000210   0x08000210   0x00000000   Code   RO         3940    .ARM.Collect$$libinit$$00000025  c_w.l(libinit2.o)
    0x08000210   0x08000210   0x00000000   Code   RO         3944    .ARM.Collect$$libinit$$0000002C  c_w.l(libinit2.o)
    0x08000210   0x08000210   0x00000000   Code   RO         3946    .ARM.Collect$$libinit$$0000002E  c_w.l(libinit2.o)
    0x08000210   0x08000210   0x00000000   Code   RO         3948    .ARM.Collect$$libinit$$00000030  c_w.l(libinit2.o)
    0x08000210   0x08000210   0x00000000   Code   RO         3950    .ARM.Collect$$libinit$$00000032  c_w.l(libinit2.o)
    0x08000210   0x08000210   0x00000002   Code   RO         3951    .ARM.Collect$$libinit$$00000033  c_w.l(libinit2.o)
    0x08000212   0x08000212   0x00000002   Code   RO         4084    .ARM.Collect$$libshutdown$$00000000  c_w.l(libshutdown.o)
    0x08000214   0x08000214   0x00000000   Code   RO         4100    .ARM.Collect$$libshutdown$$00000002  c_w.l(libshutdown2.o)
    0x08000214   0x08000214   0x00000000   Code   RO         4102    .ARM.Collect$$libshutdown$$00000004  c_w.l(libshutdown2.o)
    0x08000214   0x08000214   0x00000000   Code   RO         4104    .ARM.Collect$$libshutdown$$00000006  c_w.l(libshutdown2.o)
    0x08000214   0x08000214   0x00000000   Code   RO         4107    .ARM.Collect$$libshutdown$$00000009  c_w.l(libshutdown2.o)
    0x08000214   0x08000214   0x00000000   Code   RO         4110    .ARM.Collect$$libshutdown$$0000000C  c_w.l(libshutdown2.o)
    0x08000214   0x08000214   0x00000000   Code   RO         4112    .ARM.Collect$$libshutdown$$0000000E  c_w.l(libshutdown2.o)
    0x08000214   0x08000214   0x00000000   Code   RO         4115    .ARM.Collect$$libshutdown$$00000011  c_w.l(libshutdown2.o)
    0x08000214   0x08000214   0x00000002   Code   RO         4116    .ARM.Collect$$libshutdown$$00000012  c_w.l(libshutdown2.o)
    0x08000216   0x08000216   0x00000000   Code   RO         3893    .ARM.Collect$$rtentry$$00000000  c_w.l(__rtentry.o)
    0x08000216   0x08000216   0x00000000   Code   RO         3958    .ARM.Collect$$rtentry$$00000002  c_w.l(__rtentry2.o)
    0x08000216   0x08000216   0x00000006   Code   RO         3970    .ARM.Collect$$rtentry$$00000004  c_w.l(__rtentry4.o)
    0x0800021c   0x0800021c   0x00000000   Code   RO         3960    .ARM.Collect$$rtentry$$00000009  c_w.l(__rtentry2.o)
    0x0800021c   0x0800021c   0x00000004   Code   RO         3961    .ARM.Collect$$rtentry$$0000000A  c_w.l(__rtentry2.o)
    0x08000220   0x08000220   0x00000000   Code   RO         3963    .ARM.Collect$$rtentry$$0000000C  c_w.l(__rtentry2.o)
    0x08000220   0x08000220   0x00000008   Code   RO         3964    .ARM.Collect$$rtentry$$0000000D  c_w.l(__rtentry2.o)
    0x08000228   0x08000228   0x00000002   Code   RO         4046    .ARM.Collect$$rtexit$$00000000  c_w.l(rtexit.o)
    0x0800022a   0x0800022a   0x00000000   Code   RO         4066    .ARM.Collect$$rtexit$$00000002  c_w.l(rtexit2.o)
    0x0800022a   0x0800022a   0x00000004   Code   RO         4067    .ARM.Collect$$rtexit$$00000003  c_w.l(rtexit2.o)
    0x0800022e   0x0800022e   0x00000006   Code   RO         4068    .ARM.Collect$$rtexit$$00000004  c_w.l(rtexit2.o)
    0x08000234   0x08000234   0x00000034   Code   RO         3872    .emb_text           c_w.l(rand.o)
    0x08000268   0x08000268   0x00000040   Code   RO            4    .text               startup_stm32f407xx.o
    0x080002a8   0x080002a8   0x000000ee   Code   RO         3815    .text               c_w.l(lludivv7m.o)
    0x08000396   0x08000396   0x00000002   PAD
    0x08000398   0x08000398   0x00000028   Code   RO         3819    .text               c_w.l(noretval__2sprintf.o)
    0x080003c0   0x080003c0   0x0000004e   Code   RO         3823    .text               c_w.l(_printf_pad.o)
    0x0800040e   0x0800040e   0x00000002   PAD
    0x08000410   0x08000410   0x00000078   Code   RO         3825    .text               c_w.l(_printf_dec.o)
    0x08000488   0x08000488   0x00000188   Code   RO         3865    .text               c_w.l(__printf_flags_ss_wp.o)
    0x08000610   0x08000610   0x0000003c   Code   RO         3873    .text               c_w.l(rand.o)
    0x0800064c   0x0800064c   0x0000003e   Code   RO         3879    .text               c_w.l(strlen.o)
    0x0800068a   0x0800068a   0x0000004e   Code   RO         3883    .text               c_w.l(rt_memclr_w.o)
    0x080006d8   0x080006d8   0x00000006   Code   RO         3885    .text               c_w.l(heapauxi.o)
    0x080006de   0x080006de   0x000000b2   Code   RO         3898    .text               c_w.l(_printf_intcommon.o)
    0x08000790   0x08000790   0x00000030   Code   RO         3902    .text               c_w.l(_printf_char_common.o)
    0x080007c0   0x080007c0   0x0000000a   Code   RO         3904    .text               c_w.l(_sputc.o)
    0x080007ca   0x080007ca   0x00000002   PAD
    0x080007cc   0x080007cc   0x00000008   Code   RO         4021    .text               c_w.l(libspace.o)
    0x080007d4   0x080007d4   0x0000004a   Code   RO         4024    .text               c_w.l(sys_stackheap_outer.o)
    0x0800081e   0x0800081e   0x00000012   Code   RO         4026    .text               c_w.l(exit.o)
    0x08000830   0x08000830   0x0000000c   Code   RO         4060    .text               c_w.l(sys_exit.o)
    0x0800083c   0x0800083c   0x00000002   Code   RO         4062    .text               c_w.l(use_no_semi.o)
    0x0800083e   0x0800083e   0x00000000   Code   RO         4064    .text               c_w.l(indicate_semi.o)
    0x0800083e   0x0800083e   0x00000002   Code   RO          197    i.BusFault_Handler  stm32f4xx_it.o
    0x08000840   0x08000840   0x0000000c   Code   RO          198    i.DMA2_Stream3_IRQHandler  stm32f4xx_it.o
    0x0800084c   0x0800084c   0x00000028   Code   RO         1139    i.DMA_CalcBaseAndBitshift  stm32f4xx_hal_dma.o
    0x08000874   0x08000874   0x00000054   Code   RO         1140    i.DMA_CheckFifoParam  stm32f4xx_hal_dma.o
    0x080008c8   0x080008c8   0x00000028   Code   RO         1141    i.DMA_SetConfig     stm32f4xx_hal_dma.o
    0x080008f0   0x080008f0   0x00000002   Code   RO          199    i.DebugMon_Handler  stm32f4xx_it.o
    0x080008f2   0x080008f2   0x00000002   PAD
    0x080008f4   0x080008f4   0x00000088   Code   RO         3274    i.Displ_BackLight   z_displ_ili9xxx.o
    0x0800097c   0x0800097c   0x0000005e   Code   RO         3275    i.Displ_Border      z_displ_ili9xxx.o
    0x080009da   0x080009da   0x00000002   PAD
    0x080009dc   0x080009dc   0x0000001c   Code   RO         3276    i.Displ_CLS         z_displ_ili9xxx.o
    0x080009f8   0x080009f8   0x00000138   Code   RO         3277    i.Displ_CString     z_displ_ili9xxx.o
    0x08000b30   0x08000b30   0x000000dc   Code   RO         3279    i.Displ_FillArea    z_displ_ili9xxx.o
    0x08000c0c   0x08000c0c   0x00000030   Code   RO         3280    i.Displ_Init        z_displ_ili9xxx.o
    0x08000c3c   0x08000c3c   0x00000128   Code   RO         3281    i.Displ_Line        z_displ_ili9xxx.o
    0x08000d64   0x08000d64   0x00000054   Code   RO         3282    i.Displ_Orientation  z_displ_ili9xxx.o
    0x08000db8   0x08000db8   0x000000b0   Code   RO         3481    i.Displ_Page        z_displ_ili9xxx_test.o
    0x08000e68   0x08000e68   0x00000308   Code   RO         3482    i.Displ_PerfTest    z_displ_ili9xxx_test.o
    0x08001170   0x08001170   0x00000024   Code   RO         3283    i.Displ_Pixel       z_displ_ili9xxx.o
    0x08001194   0x08001194   0x0000004c   Code   RO         3284    i.Displ_Select      z_displ_ili9xxx.o
    0x080011e0   0x080011e0   0x00000058   Code   RO         3285    i.Displ_SetAddressWindow  z_displ_ili9xxx.o
    0x08001238   0x08001238   0x00000052   Code   RO         3483    i.Displ_TestAll     z_displ_ili9xxx_test.o
    0x0800128a   0x0800128a   0x00000002   PAD
    0x0800128c   0x0800128c   0x000000a4   Code   RO         3286    i.Displ_Transmit    z_displ_ili9xxx.o
    0x08001330   0x08001330   0x00000190   Code   RO         3287    i.Displ_WChar       z_displ_ili9xxx.o
    0x080014c0   0x080014c0   0x00000058   Code   RO         3288    i.Displ_WString     z_displ_ili9xxx.o
    0x08001518   0x08001518   0x00000010   Code   RO         3289    i.Displ_WriteCommand  z_displ_ili9xxx.o
    0x08001528   0x08001528   0x00000014   Code   RO         3290    i.Displ_WriteData   z_displ_ili9xxx.o
    0x0800153c   0x0800153c   0x00000110   Code   RO         3291    i.Displ_drawCircle  z_displ_ili9xxx.o
    0x0800164c   0x0800164c   0x000000bc   Code   RO         3292    i.Displ_drawRoundRect  z_displ_ili9xxx.o
    0x08001708   0x08001708   0x00000038   Code   RO         3293    i.Displ_drawTriangle  z_displ_ili9xxx.o
    0x08001740   0x08001740   0x00000034   Code   RO         3294    i.Displ_fillCircle  z_displ_ili9xxx.o
    0x08001774   0x08001774   0x00000082   Code   RO         3295    i.Displ_fillRoundRect  z_displ_ili9xxx.o
    0x080017f6   0x080017f6   0x00000146   Code   RO         3296    i.Displ_fillTriangle  z_displ_ili9xxx.o
    0x0800193c   0x0800193c   0x00000032   Code   RO         3767    i.DrawCross         z_touch_xpt2046_test.o
    0x0800196e   0x0800196e   0x00000006   Code   RO          200    i.EXTI2_IRQHandler  stm32f4xx_it.o
    0x08001974   0x08001974   0x00000004   Code   RO           13    i.Error_Handler     main.o
    0x08001978   0x08001978   0x00000024   Code   RO         1143    i.HAL_DMA_Abort_IT  stm32f4xx_hal_dma.o
    0x0800199c   0x0800199c   0x000001a0   Code   RO         1147    i.HAL_DMA_IRQHandler  stm32f4xx_hal_dma.o
    0x08001b3c   0x08001b3c   0x000000d4   Code   RO         1148    i.HAL_DMA_Init      stm32f4xx_hal_dma.o
    0x08001c10   0x08001c10   0x0000006e   Code   RO         1152    i.HAL_DMA_Start_IT  stm32f4xx_hal_dma.o
    0x08001c7e   0x08001c7e   0x00000002   PAD
    0x08001c80   0x08001c80   0x00000024   Code   RO         1579    i.HAL_Delay         stm32f4xx_hal.o
    0x08001ca4   0x08001ca4   0x0000000a   Code   RO         3613    i.HAL_GPIO_EXTI_Callback  z_touch_xpt2046.o
    0x08001cae   0x08001cae   0x00000002   PAD
    0x08001cb0   0x08001cb0   0x00000018   Code   RO         1034    i.HAL_GPIO_EXTI_IRQHandler  stm32f4xx_hal_gpio.o
    0x08001cc8   0x08001cc8   0x000001f0   Code   RO         1035    i.HAL_GPIO_Init     stm32f4xx_hal_gpio.o
    0x08001eb8   0x08001eb8   0x0000000a   Code   RO         1037    i.HAL_GPIO_ReadPin  stm32f4xx_hal_gpio.o
    0x08001ec2   0x08001ec2   0x0000000a   Code   RO         1039    i.HAL_GPIO_WritePin  stm32f4xx_hal_gpio.o
    0x08001ecc   0x08001ecc   0x0000000c   Code   RO         1585    i.HAL_GetTick       stm32f4xx_hal.o
    0x08001ed8   0x08001ed8   0x00000010   Code   RO         1591    i.HAL_IncTick       stm32f4xx_hal.o
    0x08001ee8   0x08001ee8   0x00000034   Code   RO         1592    i.HAL_Init          stm32f4xx_hal.o
    0x08001f1c   0x08001f1c   0x00000040   Code   RO         1593    i.HAL_InitTick      stm32f4xx_hal.o
    0x08001f5c   0x08001f5c   0x00000030   Code   RO          291    i.HAL_MspInit       stm32f4xx_hal_msp.o
    0x08001f8c   0x08001f8c   0x0000001a   Code   RO         1425    i.HAL_NVIC_ClearPendingIRQ  stm32f4xx_hal_cortex.o
    0x08001fa6   0x08001fa6   0x00000022   Code   RO         1426    i.HAL_NVIC_DisableIRQ  stm32f4xx_hal_cortex.o
    0x08001fc8   0x08001fc8   0x0000001a   Code   RO         1427    i.HAL_NVIC_EnableIRQ  stm32f4xx_hal_cortex.o
    0x08001fe2   0x08001fe2   0x00000002   PAD
    0x08001fe4   0x08001fe4   0x00000040   Code   RO         1433    i.HAL_NVIC_SetPriority  stm32f4xx_hal_cortex.o
    0x08002024   0x08002024   0x00000024   Code   RO         1434    i.HAL_NVIC_SetPriorityGrouping  stm32f4xx_hal_cortex.o
    0x08002048   0x08002048   0x00000134   Code   RO          681    i.HAL_RCC_ClockConfig  stm32f4xx_hal_rcc.o
    0x0800217c   0x0800217c   0x00000020   Code   RO          688    i.HAL_RCC_GetPCLK1Freq  stm32f4xx_hal_rcc.o
    0x0800219c   0x0800219c   0x00000020   Code   RO          689    i.HAL_RCC_GetPCLK2Freq  stm32f4xx_hal_rcc.o
    0x080021bc   0x080021bc   0x0000004c   Code   RO          690    i.HAL_RCC_GetSysClockFreq  stm32f4xx_hal_rcc.o
    0x08002208   0x08002208   0x0000036c   Code   RO          693    i.HAL_RCC_OscConfig  stm32f4xx_hal_rcc.o
    0x08002574   0x08002574   0x00000018   Code   RO         3297    i.HAL_SPI_ErrorCallback  z_displ_ili9xxx.o
    0x0800258c   0x0800258c   0x000000fc   Code   RO          368    i.HAL_SPI_IRQHandler  stm32f4xx_hal_spi.o
    0x08002688   0x08002688   0x000000bc   Code   RO          369    i.HAL_SPI_Init      stm32f4xx_hal_spi.o
    0x08002744   0x08002744   0x000000b0   Code   RO          293    i.HAL_SPI_MspInit   stm32f4xx_hal_msp.o
    0x080027f4   0x080027f4   0x00000154   Code   RO          372    i.HAL_SPI_Receive   stm32f4xx_hal_spi.o
    0x08002948   0x08002948   0x00000166   Code   RO          377    i.HAL_SPI_Transmit  stm32f4xx_hal_spi.o
    0x08002aae   0x08002aae   0x000001f0   Code   RO          378    i.HAL_SPI_TransmitReceive  stm32f4xx_hal_spi.o
    0x08002c9e   0x08002c9e   0x00000002   PAD
    0x08002ca0   0x08002ca0   0x000000cc   Code   RO          381    i.HAL_SPI_Transmit_DMA  stm32f4xx_hal_spi.o
    0x08002d6c   0x08002d6c   0x00000018   Code   RO         3298    i.HAL_SPI_TxCpltCallback  z_displ_ili9xxx.o
    0x08002d84   0x08002d84   0x00000002   Code   RO          384    i.HAL_SPI_TxHalfCpltCallback  stm32f4xx_hal_spi.o
    0x08002d86   0x08002d86   0x00000028   Code   RO         1438    i.HAL_SYSTICK_Config  stm32f4xx_hal_cortex.o
    0x08002dae   0x08002dae   0x00000002   PAD
    0x08002db0   0x08002db0   0x00000090   Code   RO         2555    i.HAL_TIMEx_MasterConfigSynchronization  stm32f4xx_hal_tim_ex.o
    0x08002e40   0x08002e40   0x00000050   Code   RO          294    i.HAL_TIM_MspPostInit  stm32f4xx_hal_msp.o
    0x08002e90   0x08002e90   0x000000cc   Code   RO         1904    i.HAL_TIM_PWM_ConfigChannel  stm32f4xx_hal_tim.o
    0x08002f5c   0x08002f5c   0x0000005a   Code   RO         1907    i.HAL_TIM_PWM_Init  stm32f4xx_hal_tim.o
    0x08002fb6   0x08002fb6   0x00000002   PAD
    0x08002fb8   0x08002fb8   0x00000028   Code   RO          296    i.HAL_TIM_PWM_MspInit  stm32f4xx_hal_msp.o
    0x08002fe0   0x08002fe0   0x000000c8   Code   RO         1912    i.HAL_TIM_PWM_Start  stm32f4xx_hal_tim.o
    0x080030a8   0x080030a8   0x00000064   Code   RO         2833    i.HAL_UART_Init     stm32f4xx_hal_uart.o
    0x0800310c   0x0800310c   0x0000006c   Code   RO          298    i.HAL_UART_MspInit  stm32f4xx_hal_msp.o
    0x08003178   0x08003178   0x00000002   Code   RO          201    i.HardFault_Handler  stm32f4xx_it.o
    0x0800317a   0x0800317a   0x00000002   PAD
    0x0800317c   0x0800317c   0x00000080   Code   RO         3300    i.ILI9XXX_Init      z_displ_ili9xxx.o
    0x080031fc   0x080031fc   0x000000f8   Code   RO           14    i.MX_GPIO_Init      main.o
    0x080032f4   0x080032f4   0x00000040   Code   RO           15    i.MX_SPI1_Init      main.o
    0x08003334   0x08003334   0x00000070   Code   RO           16    i.MX_TIM3_Init      main.o
    0x080033a4   0x080033a4   0x00000002   Code   RO          202    i.MemManage_Handler  stm32f4xx_it.o
    0x080033a6   0x080033a6   0x00000002   Code   RO          203    i.NMI_Handler       stm32f4xx_it.o
    0x080033a8   0x080033a8   0x00000002   Code   RO          204    i.PendSV_Handler    stm32f4xx_it.o
    0x080033aa   0x080033aa   0x00000002   PAD
    0x080033ac   0x080033ac   0x0000000c   Code   RO          205    i.SPI1_IRQHandler   stm32f4xx_it.o
    0x080033b8   0x080033b8   0x00000010   Code   RO          396    i.SPI_DMAAbortOnError  stm32f4xx_hal_spi.o
    0x080033c8   0x080033c8   0x00000022   Code   RO          397    i.SPI_DMAError      stm32f4xx_hal_spi.o
    0x080033ea   0x080033ea   0x0000000a   Code   RO          399    i.SPI_DMAHalfTransmitCplt  stm32f4xx_hal_spi.o
    0x080033f4   0x080033f4   0x00000064   Code   RO          403    i.SPI_DMATransmitCplt  stm32f4xx_hal_spi.o
    0x08003458   0x08003458   0x0000005c   Code   RO          406    i.SPI_EndRxTransaction  stm32f4xx_hal_spi.o
    0x080034b4   0x080034b4   0x0000006c   Code   RO          407    i.SPI_EndRxTxTransaction  stm32f4xx_hal_spi.o
    0x08003520   0x08003520   0x000000b8   Code   RO          412    i.SPI_WaitFlagStateUntilTimeout  stm32f4xx_hal_spi.o
    0x080035d8   0x080035d8   0x00000002   Code   RO          206    i.SVC_Handler       stm32f4xx_it.o
    0x080035da   0x080035da   0x00000004   Code   RO          207    i.SysTick_Handler   stm32f4xx_it.o
    0x080035de   0x080035de   0x00000002   PAD
    0x080035e0   0x080035e0   0x00000094   Code   RO           17    i.SystemClock_Config  main.o
    0x08003674   0x08003674   0x00000010   Code   RO         3167    i.SystemInit        system_stm32f4xx.o
    0x08003684   0x08003684   0x000000d8   Code   RO         1925    i.TIM_Base_SetConfig  stm32f4xx_hal_tim.o
    0x0800375c   0x0800375c   0x0000001a   Code   RO         1926    i.TIM_CCxChannelCmd  stm32f4xx_hal_tim.o
    0x08003776   0x08003776   0x00000002   PAD
    0x08003778   0x08003778   0x00000060   Code   RO         1938    i.TIM_OC1_SetConfig  stm32f4xx_hal_tim.o
    0x080037d8   0x080037d8   0x0000006c   Code   RO         1939    i.TIM_OC2_SetConfig  stm32f4xx_hal_tim.o
    0x08003844   0x08003844   0x00000068   Code   RO         1940    i.TIM_OC3_SetConfig  stm32f4xx_hal_tim.o
    0x080038ac   0x080038ac   0x00000050   Code   RO         1941    i.TIM_OC4_SetConfig  stm32f4xx_hal_tim.o
    0x080038fc   0x080038fc   0x000000d4   Code   RO         3484    i.TestChar          z_displ_ili9xxx_test.o
    0x080039d0   0x080039d0   0x0000006c   Code   RO         3485    i.TestFillScreen    z_displ_ili9xxx_test.o
    0x08003a3c   0x08003a3c   0x000000a4   Code   RO         3486    i.TestHVLine        z_displ_ili9xxx_test.o
    0x08003ae0   0x08003ae0   0x000000f4   Code   RO         3616    i.Touch_GetXYtouch  z_touch_xpt2046.o
    0x08003bd4   0x08003bd4   0x00000034   Code   RO         3617    i.Touch_GotATouch   z_touch_xpt2046.o
    0x08003c08   0x08003c08   0x00000014   Code   RO         3618    i.Touch_HandlePenDownInterrupt  z_touch_xpt2046.o
    0x08003c1c   0x08003c1c   0x00000060   Code   RO         3620    i.Touch_PollAxis    z_touch_xpt2046.o
    0x08003c7c   0x08003c7c   0x00000054   Code   RO         3622    i.Touch_Select      z_touch_xpt2046.o
    0x08003cd0   0x08003cd0   0x000000e8   Code   RO         3771    i.Touch_TestDrawing  z_touch_xpt2046_test.o
    0x08003db8   0x08003db8   0x00000010   Code   RO         3623    i.Touch_UnSelect    z_touch_xpt2046.o
    0x08003dc8   0x08003dc8   0x0000002c   Code   RO         3624    i.Touch_WaitForTouch  z_touch_xpt2046.o
    0x08003df4   0x08003df4   0x0000010c   Code   RO         2859    i.UART_SetConfig    stm32f4xx_hal_uart.o
    0x08003f00   0x08003f00   0x00000002   Code   RO          208    i.UsageFault_Handler  stm32f4xx_it.o
    0x08003f02   0x08003f02   0x00000020   Code   RO         1440    i.__NVIC_SetPriority  stm32f4xx_hal_cortex.o
    0x08003f22   0x08003f22   0x0000000e   Code   RO         3858    i._is_digit         c_w.l(__printf_wp.o)
    0x08003f30   0x08003f30   0x000000e6   Code   RO         3301    i.drawCircleHelper  z_displ_ili9xxx.o
    0x08004016   0x08004016   0x000000dc   Code   RO         3302    i.fillCircleHelper  z_displ_ili9xxx.o
    0x080040f2   0x080040f2   0x00000002   PAD
    0x080040f4   0x080040f4   0x00000080   Code   RO           18    i.main              main.o
    0x08004174   0x08004174   0x00000050   Code   RO         3487    i.testCircles       z_displ_ili9xxx_test.o
    0x080041c4   0x080041c4   0x00000064   Code   RO         3488    i.testFastLines     z_displ_ili9xxx_test.o
    0x08004228   0x08004228   0x0000002a   Code   RO         3489    i.testFillScreen    z_displ_ili9xxx_test.o
    0x08004252   0x08004252   0x00000002   PAD
    0x08004254   0x08004254   0x00000050   Code   RO         3490    i.testFilledCircles  z_displ_ili9xxx_test.o
    0x080042a4   0x080042a4   0x00000080   Code   RO         3491    i.testFilledRects   z_displ_ili9xxx_test.o
    0x08004324   0x08004324   0x0000009c   Code   RO         3492    i.testFilledRoundRects  z_displ_ili9xxx_test.o
    0x080043c0   0x080043c0   0x000000a0   Code   RO         3493    i.testFilledTriangles  z_displ_ili9xxx_test.o
    0x08004460   0x08004460   0x00000140   Code   RO         3494    i.testLines         z_displ_ili9xxx_test.o
    0x080045a0   0x080045a0   0x00000068   Code   RO         3495    i.testRects         z_displ_ili9xxx_test.o
    0x08004608   0x08004608   0x0000008c   Code   RO         3496    i.testRoundRects    z_displ_ili9xxx_test.o
    0x08004694   0x08004694   0x00000068   Code   RO         3497    i.testTriangles     z_displ_ili9xxx_test.o
    0x080046fc   0x080046fc   0x00000020   Code   RO         3498    i.wait              z_displ_ili9xxx_test.o
    0x0800471c   0x0800471c   0x0000000a   Code   RO         4015    x$fpl$fpinit        fz_wm.l(fpinit.o)
    0x08004726   0x08004726   0x00000008   Data   RO         1154    .constdata          stm32f4xx_hal_dma.o
    0x0800472e   0x0800472e   0x00000010   Data   RO         3168    .constdata          system_stm32f4xx.o
    0x0800473e   0x0800473e   0x00000008   Data   RO         3169    .constdata          system_stm32f4xx.o
    0x08004746   0x08004746   0x00000474   Data   RO         3215    .constdata          font12.o
    0x08004bba   0x08004bba   0x00000be0   Data   RO         3229    .constdata          font16.o
    0x0800579a   0x0800579a   0x00000ed8   Data   RO         3243    .constdata          font20.o
    0x08006672   0x08006672   0x00001ab8   Data   RO         3257    .constdata          font24.o
    0x0800812a   0x0800812a   0x00000011   Data   RO         3866    .constdata          c_w.l(__printf_flags_ss_wp.o)
    0x0800813b   0x0800813b   0x00000001   PAD
    0x0800813c   0x0800813c   0x00000020   Data   RO         4117    Region$$Table       anon$$obj.o


    Execution Region RW_IRAM1 (Exec base: 0x20000000, Load base: 0x0800815c, Size: 0x000018e8, Max: 0x0001c000, ABSOLUTE)

    Exec Addr    Load Addr    Size         Type   Attr      Idx    E Section Name        Object

    0x20000000   0x0800815c   0x0000000c   Data   RW         1599    .data               stm32f4xx_hal.o
    0x2000000c   0x08008168   0x00000004   Data   RW         3170    .data               system_stm32f4xx.o
    0x20000010   0x0800816c   0x0000000c   Data   RW         3216    .data               font12.o
    0x2000001c   0x08008178   0x0000000c   Data   RW         3230    .data               font16.o
    0x20000028   0x08008184   0x0000000c   Data   RW         3244    .data               font20.o
    0x20000034   0x08008190   0x0000000c   Data   RW         3258    .data               font24.o
    0x20000040   0x0800819c   0x00000014   Data   RW         3306    .data               z_displ_ili9xxx.o
    0x20000054   0x080081b0   0x00000008   Data   RW         3626    .data               z_touch_xpt2046.o
    0x2000005c        -       0x000000e8   Zero   RW           19    .bss                main.o
    0x20000144        -       0x00000060   Zero   RW           20    .bss                main.o
    0x200001a4        -       0x00001000   Zero   RW         3305    .bss                z_displ_ili9xxx.o
    0x200011a4        -       0x000000e4   Zero   RW         3874    .bss                c_w.l(rand.o)
    0x20001288        -       0x00000060   Zero   RW         4022    .bss                c_w.l(libspace.o)
    0x200012e8        -       0x00000200   Zero   RW            2    HEAP                startup_stm32f407xx.o
    0x200014e8        -       0x00000400   Zero   RW            1    STACK               startup_stm32f407xx.o


    Execution Region RW_IRAM2 (Exec base: 0x2001c000, Load base: 0x080081b8, Size: 0x00000000, Max: 0x00004000, ABSOLUTE)

    **** No section assigned to this execution region ****


==============================================================================

Image component sizes


      Code (inc. data)   RO Data    RW Data    ZI Data      Debug   Object Name

         0          0       1140         12          0       1063   font12.o
         0          0       3040         12          0       1063   font16.o
         0          0       3800         12          0       1063   font20.o
         0          0       6840         12          0       1063   font24.o
       704         52          0          0        328     705658   main.o
        64         26        392          0       1536        868   startup_stm32f407xx.o
       180         28          0         12          0       9613   stm32f4xx_hal.o
       258         14          0          0          0      35428   stm32f4xx_hal_cortex.o
       938         16          8          0          0       6670   stm32f4xx_hal_dma.o
       540         52          0          0          0       3610   stm32f4xx_hal_gpio.o
       452         62          0          0          0       3846   stm32f4xx_hal_msp.o
      1324         74          0          0          0       5344   stm32f4xx_hal_rcc.o
      2384         34          0          0          0      13811   stm32f4xx_hal_spi.o
      1124        110          0          0          0       8714   stm32f4xx_hal_tim.o
       144         28          0          0          0       1428   stm32f4xx_hal_tim_ex.o
       368         10          0          0          0       2120   stm32f4xx_hal_uart.o
        50         12          0          0          0       5893   stm32f4xx_it.o
        16          4         24          4          0       1207   system_stm32f4xx.o
      3756        124          0         20       4096      24992   z_displ_ili9xxx.o
      2964        312          0          0          0      14670   z_displ_ili9xxx_test.o
       566         62          0          8          0       6010   z_touch_xpt2046.o
       282         38          0          0          0       1576   z_touch_xpt2046_test.o

    ----------------------------------------------------------------------
     16144       1058      15276         92       5960     855710   Object Totals
         0          0         32          0          0          0   (incl. Generated)
        30          0          0          0          0          0   (incl. Padding)

    ----------------------------------------------------------------------

      Code (inc. data)   RO Data    RW Data    ZI Data      Debug   Library Member Name

         8          0          0          0          0         68   __main.o
       392          4         17          0          0         92   __printf_flags_ss_wp.o
        14          0          0          0          0         68   __printf_wp.o
         0          0          0          0          0          0   __rtentry.o
        12          0          0          0          0          0   __rtentry2.o
         6          0          0          0          0          0   __rtentry4.o
        52          8          0          0          0          0   __scatter.o
        26          0          0          0          0          0   __scatter_copy.o
        28          0          0          0          0          0   __scatter_zi.o
        48          6          0          0          0         96   _printf_char_common.o
         6          0          0          0          0          0   _printf_d.o
       120         16          0          0          0         92   _printf_dec.o
       178          0          0          0          0         88   _printf_intcommon.o
        78          0          0          0          0        108   _printf_pad.o
         0          0          0          0          0          0   _printf_percent.o
         4          0          0          0          0          0   _printf_percent_end.o
        10          0          0          0          0         68   _sputc.o
        18          0          0          0          0         80   exit.o
         6          0          0          0          0        152   heapauxi.o
         0          0          0          0          0          0   indicate_semi.o
         2          0          0          0          0          0   libinit.o
        10          0          0          0          0          0   libinit2.o
         2          0          0          0          0          0   libshutdown.o
         2          0          0          0          0          0   libshutdown2.o
         8          4          0          0         96         68   libspace.o
       238          0          0          0          0        100   lludivv7m.o
        40          6          0          0          0         84   noretval__2sprintf.o
       112         18          0          0        228        160   rand.o
        78          0          0          0          0         80   rt_memclr_w.o
         2          0          0          0          0          0   rtexit.o
        10          0          0          0          0          0   rtexit2.o
        62          0          0          0          0         76   strlen.o
        12          4          0          0          0         68   sys_exit.o
        74          0          0          0          0         80   sys_stackheap_outer.o
         2          0          0          0          0         68   use_no_semi.o
        10          0          0          0          0        116   fpinit.o

    ----------------------------------------------------------------------
      1678         66         18          0        324       1812   Library Totals
         8          0          1          0          0          0   (incl. Padding)

    ----------------------------------------------------------------------

      Code (inc. data)   RO Data    RW Data    ZI Data      Debug   Library Name

      1660         66         17          0        324       1696   c_w.l
        10          0          0          0          0        116   fz_wm.l

    ----------------------------------------------------------------------
      1678         66         18          0        324       1812   Library Totals

    ----------------------------------------------------------------------

==============================================================================


      Code (inc. data)   RO Data    RW Data    ZI Data      Debug   

     17822       1124      15294         92       6284     844190   Grand Totals
     17822       1124      15294         92       6284     844190   ELF Image Totals
     17822       1124      15294         92          0          0   ROM Totals

==============================================================================

    Total RO  Size (Code + RO Data)                33116 (  32.34kB)
    Total RW  Size (RW Data + ZI Data)              6376 (   6.23kB)
    Total ROM Size (Code + RO Data + RW Data)      33208 (  32.43kB)

==============================================================================

