###############################################################################
#
# IAR ELF Linker V9.60.3.422/W64 for ARM                  05/Jun/2025  11:48:00
# Copyright 2007-2024 IAR Systems AB.
#
#    Output file  =
#        F:\ELECTRONIC\sherkat\stm32ret6\STM32F103_KEIL_ili9488\EWARM\ili9488_spi\Exe\ili9488_spi.out
#    Map file     =
#        F:\ELECTRONIC\sherkat\stm32ret6\STM32F103_KEIL_ili9488\EWARM\ili9488_spi\List\ili9488_spi.map
#    Command line =
#        -f
#        F:\ELECTRONIC\sherkat\stm32ret6\STM32F103_KEIL_ili9488\EWARM\ili9488_spi\Exe\ili9488_spi.out.rsp
#        (F:\ELECTRONIC\sherkat\stm32ret6\STM32F103_KEIL_ili9488\EWARM\ili9488_spi\Obj\ili9488_14742993431243390435.dir\Font.o
#        F:\ELECTRONIC\sherkat\stm32ret6\STM32F103_KEIL_ili9488\EWARM\ili9488_spi\Obj\ili9488_14742993431243390435.dir\ILI9488_SPI.o
#        F:\ELECTRONIC\sherkat\stm32ret6\STM32F103_KEIL_ili9488\EWARM\ili9488_spi\Obj\Core_13247989168731456611.dir\main.o
#        F:\ELECTRONIC\sherkat\stm32ret6\STM32F103_KEIL_ili9488\EWARM\ili9488_spi\Obj\EWARM_18443280873093131863.dir\startup_stm32f103xb.o
#        F:\ELECTRONIC\sherkat\stm32ret6\STM32F103_KEIL_ili9488\EWARM\ili9488_spi\Obj\STM32F1xx_HAL_Driver_9701002599162248031.dir\stm32f1xx_hal.o
#        F:\ELECTRONIC\sherkat\stm32ret6\STM32F103_KEIL_ili9488\EWARM\ili9488_spi\Obj\STM32F1xx_HAL_Driver_9701002599162248031.dir\stm32f1xx_hal_cortex.o
#        F:\ELECTRONIC\sherkat\stm32ret6\STM32F103_KEIL_ili9488\EWARM\ili9488_spi\Obj\STM32F1xx_HAL_Driver_9701002599162248031.dir\stm32f1xx_hal_dma.o
#        F:\ELECTRONIC\sherkat\stm32ret6\STM32F103_KEIL_ili9488\EWARM\ili9488_spi\Obj\STM32F1xx_HAL_Driver_9701002599162248031.dir\stm32f1xx_hal_exti.o
#        F:\ELECTRONIC\sherkat\stm32ret6\STM32F103_KEIL_ili9488\EWARM\ili9488_spi\Obj\STM32F1xx_HAL_Driver_9701002599162248031.dir\stm32f1xx_hal_flash.o
#        F:\ELECTRONIC\sherkat\stm32ret6\STM32F103_KEIL_ili9488\EWARM\ili9488_spi\Obj\STM32F1xx_HAL_Driver_9701002599162248031.dir\stm32f1xx_hal_flash_ex.o
#        F:\ELECTRONIC\sherkat\stm32ret6\STM32F103_KEIL_ili9488\EWARM\ili9488_spi\Obj\STM32F1xx_HAL_Driver_9701002599162248031.dir\stm32f1xx_hal_gpio.o
#        F:\ELECTRONIC\sherkat\stm32ret6\STM32F103_KEIL_ili9488\EWARM\ili9488_spi\Obj\STM32F1xx_HAL_Driver_9701002599162248031.dir\stm32f1xx_hal_gpio_ex.o
#        F:\ELECTRONIC\sherkat\stm32ret6\STM32F103_KEIL_ili9488\EWARM\ili9488_spi\Obj\Core_13247989168731456611.dir\stm32f1xx_hal_msp.o
#        F:\ELECTRONIC\sherkat\stm32ret6\STM32F103_KEIL_ili9488\EWARM\ili9488_spi\Obj\STM32F1xx_HAL_Driver_9701002599162248031.dir\stm32f1xx_hal_pwr.o
#        F:\ELECTRONIC\sherkat\stm32ret6\STM32F103_KEIL_ili9488\EWARM\ili9488_spi\Obj\STM32F1xx_HAL_Driver_9701002599162248031.dir\stm32f1xx_hal_rcc.o
#        F:\ELECTRONIC\sherkat\stm32ret6\STM32F103_KEIL_ili9488\EWARM\ili9488_spi\Obj\STM32F1xx_HAL_Driver_9701002599162248031.dir\stm32f1xx_hal_rcc_ex.o
#        F:\ELECTRONIC\sherkat\stm32ret6\STM32F103_KEIL_ili9488\EWARM\ili9488_spi\Obj\STM32F1xx_HAL_Driver_9701002599162248031.dir\stm32f1xx_hal_spi.o
#        F:\ELECTRONIC\sherkat\stm32ret6\STM32F103_KEIL_ili9488\EWARM\ili9488_spi\Obj\STM32F1xx_HAL_Driver_9701002599162248031.dir\stm32f1xx_hal_tim.o
#        F:\ELECTRONIC\sherkat\stm32ret6\STM32F103_KEIL_ili9488\EWARM\ili9488_spi\Obj\STM32F1xx_HAL_Driver_9701002599162248031.dir\stm32f1xx_hal_tim_ex.o
#        F:\ELECTRONIC\sherkat\stm32ret6\STM32F103_KEIL_ili9488\EWARM\ili9488_spi\Obj\STM32F1xx_HAL_Driver_9701002599162248031.dir\stm32f1xx_hal_uart.o
#        F:\ELECTRONIC\sherkat\stm32ret6\STM32F103_KEIL_ili9488\EWARM\ili9488_spi\Obj\Core_13247989168731456611.dir\stm32f1xx_it.o
#        F:\ELECTRONIC\sherkat\stm32ret6\STM32F103_KEIL_ili9488\EWARM\ili9488_spi\Obj\CMSIS_6603591812247902717.dir\system_stm32f1xx.o
#        F:\ELECTRONIC\sherkat\stm32ret6\STM32F103_KEIL_ili9488\EWARM\ili9488_spi\Obj\ili9488_14742993431243390435.dir\xpt2046.o
#        --no_out_extension -o
#        F:\ELECTRONIC\sherkat\stm32ret6\STM32F103_KEIL_ili9488\EWARM\ili9488_spi\Exe\ili9488_spi.out
#        --redirect _Printf=_PrintfFullNoMb --redirect _Scanf=_ScanfFullNoMb
#        --map
#        F:\ELECTRONIC\sherkat\stm32ret6\STM32F103_KEIL_ili9488\EWARM\ili9488_spi\List\ili9488_spi.map
#        --config
#        F:\ELECTRONIC\sherkat\stm32ret6\STM32F103_KEIL_ili9488\EWARM/stm32f103xb_flash.icf
#        --semihosting --entry __iar_program_start --vfe --text_out locale
#        --cpu=Cortex-M3 --fpu=None) --dependencies=n
#        F:\ELECTRONIC\sherkat\stm32ret6\STM32F103_KEIL_ili9488\EWARM\ili9488_spi\Exe\ili9488_spi.out.iar_deps
#
###############################################################################

*******************************************************************************
*** RUNTIME MODEL ATTRIBUTES
***

CppFlavor       = *
__CPP_Runtime   = 1
__Heap_Handler  = Basic
__SystemLibrary = DLib
__dlib_version  = 6


*******************************************************************************
*** HEAP SELECTION
***

The basic heap was selected because --advanced_heap
was not specified and the application did not appear to
be primarily optimized for speed.


*******************************************************************************
*** PLACEMENT SUMMARY
***

"A0":  place at address 0x800'0000 { ro section .intvec };
"P1":  place in [from 0x800'0000 to 0x801'ffff] { ro };
define block CSTACK with size = 1K, alignment = 8 { };
define block HEAP with size = 512, alignment = 8 { };
"P2":  place in [from 0x2000'0000 to 0x2000'4fff] {
          rw, block CSTACK, block HEAP };
initialize by copy { rw };

  Section            Kind         Address  Alignment    Size  Object
  -------            ----         -------  ---------    ----  ------
"A0":                                                   0xec
  .intvec            ro code   0x800'0000          4    0xec  startup_stm32f103xb.o [3]
                             - 0x800'00ec               0xec

"P1":                                                 0x5b6a
  .rodata            const     0x800'00ec          4  0x1450  main.o [2]
  .text              ro code   0x800'153c          4   0xece  xprintffull_nomb.o [6]
  .text              ro code   0x800'240a          2    0x3a  packbits_init_single.o [8]
  .text              ro code   0x800'2444          4    0x16  strchr.o [8]
  .text              ro code   0x800'245a          2     0xa  xsprout.o [6]
  .text              ro code   0x800'2464          4    0x40  xfail_s.o [6]
  .text              ro code   0x800'24a4          4    0x14  strlen_small.o [8]
  .text              ro code   0x800'24b8          4    0x58  memchr.o [8]
  .text              ro code   0x800'2510          4    0xa6  ABImemcpy.o [8]
  .rodata            const     0x800'25b6          2     0x2  xlocale_c.o [6]
  .text              ro code   0x800'25b8          4    0x70  frexp.o [7]
  .text              ro code   0x800'2628          4    0x34  DblCmpLe.o [7]
  .text              ro code   0x800'265c          4    0x34  DblCmpGe.o [7]
  .text              ro code   0x800'2690          4   0x13a  ldexp.o [7]
  .rodata            const     0x800'27ca                0x1  xlocale_c.o [6]
  .text              ro code   0x800'27cc          4    0x36  DblToS32.o [7]
  .text              ro code   0x800'2804          4    0x22  S32ToDbl.o [7]
  .text              ro code   0x800'2828          4   0x24e  DblAddSub.o [7]
  .text              ro code   0x800'2a78          4   0x246  DblDiv.o [7]
  .text              ro code   0x800'2cc0          4    0x22  DblToU32.o [7]
  .text              ro code   0x800'2ce4          4    0x1c  U32ToDbl.o [7]
  .text              ro code   0x800'2d00          4   0x1aa  DblMul.o [7]
  .text              ro code   0x800'2eac          4     0x8  xlocale_c.o [6]
  .text              ro code   0x800'2eb4          4   0x230  I64DivMod.o [8]
  .text              ro code   0x800'30e4          2     0x6  abort.o [6]
  .text              ro code   0x800'30ec          4     0x2  I64DivZer.o [8]
  .text              ro code   0x800'30f0          4    0x14  exit.o [9]
  .text              ro code   0x800'3104          4   0x668  Font.o [5]
  .text              ro code   0x800'376c          4   0x612  ILI9488_SPI.o [5]
  .text              ro code   0x800'3d80          4   0x350  stm32f1xx_hal_spi.o [4]
  .text              ro code   0x800'40d0          4   0x1e8  stm32f1xx_hal_gpio.o [4]
  .text              ro code   0x800'42b8          4    0x28  stm32f1xx_hal.o [4]
  .text              ro code   0x800'42e0          4   0x13c  heap0.o [6]
  .text              ro code   0x800'441c          2     0x4  heaptramp0.o [6]
  .text              ro code   0x800'4420          4   0x130  stm32f1xx_hal_msp.o [2]
  .text              ro code   0x800'4550          4     0xc  stm32f1xx_hal.o [4]
  .text              ro code   0x800'455c          4    0x2c  xgetmemchunk.o [6]
  .text              ro code   0x800'4588          4    0x12  ABImemset_small.o [8]
  .text              ro code   0x800'459c          4   0x5dc  main.o [2]
  .text              ro code   0x800'4b78          4    0x18  strcpy.o [8]
  .text              ro code   0x800'4b90          2    0x1e  strcat.o [6]
  .text              ro code   0x800'4bb0          4   0x288  stm32f1xx_hal_uart.o [4]
  .text              ro code   0x800'4e38          4    0x24  stm32f1xx_hal.o [4]
  .text              ro code   0x800'4e5c          4   0x260  stm32f1xx_hal_tim.o [4]
  .text              ro code   0x800'50bc          4    0x64  stm32f1xx_hal_tim_ex.o [4]
  .text              ro code   0x800'5120          4   0x19a  xpt2046.o [5]
  .text              ro code   0x800'52bc          4    0x40  sprintf.o [6]
  .text              ro code   0x800'52fc          4     0x6  ABImemclr4.o [8]
  .text              ro code   0x800'5304          4   0x4a2  stm32f1xx_hal_rcc.o [4]
  .text              ro code   0x800'57a8          4    0xa0  stm32f1xx_hal_cortex.o [4]
  .text              ro code   0x800'5848          4    0x40  stm32f1xx_hal.o [4]
  .text              ro code   0x800'5888          4    0x32  ABImemset48.o [8]
  .rodata            const     0x800'58bc          4   0x17c  Font.o [5]
  .text              ro code   0x800'5a38          2    0x38  zero_init3.o [8]
  .text              ro code   0x800'5a70          4    0x28  data_init.o [8]
  .iar.init_table    const     0x800'5a98          4    0x20  - Linker created -
  .text              ro code   0x800'5ab8          4    0x1e  cmain.o [8]
  .text              ro code   0x800'5ad6          2     0x4  low_level_init.o [6]
  .text              ro code   0x800'5ada          2     0x4  exit.o [6]
  .text              ro code   0x800'5ae0          4     0xa  cexit.o [8]
  .text              ro code   0x800'5aec          4    0x1c  cstartup_M.o [8]
  .text              ro code   0x800'5b08          2    0x14  stm32f1xx_it.o [2]
  .text              ro code   0x800'5b1c          4    0x10  stm32f1xx_hal.o [4]
  .text              ro code   0x800'5b2c          4    0x14  system_stm32f1xx.o [1]
  .text              ro code   0x800'5b40          4    0x10  startup_stm32f103xb.o [3]
  .rodata            const     0x800'5b50          4     0x8  system_stm32f1xx.o [1]
  .text              ro code   0x800'5b58          2     0x4  startup_stm32f103xb.o [3]
  .text              ro code   0x800'5b5c          2     0x4  startup_stm32f103xb.o [3]
  .text              ro code   0x800'5b60          2     0x4  startup_stm32f103xb.o [3]
  .text              ro code   0x800'5b64          2     0x4  startup_stm32f103xb.o [3]
  .text              ro code   0x800'5b68          2     0x4  startup_stm32f103xb.o [3]
  .text              ro code   0x800'5b6c          2     0x4  startup_stm32f103xb.o [3]
  .text              ro code   0x800'5b70          2     0x4  startup_stm32f103xb.o [3]
  .text              ro code   0x800'5b74          2     0x4  startup_stm32f103xb.o [3]
  .text              ro code   0x800'5b78          2     0x4  startup_stm32f103xb.o [3]
  .text              ro code   0x800'5b7c          2     0x4  startup_stm32f103xb.o [3]
  .text              ro code   0x800'5b80          2     0x4  startup_stm32f103xb.o [3]
  .text              ro code   0x800'5b84          2     0x4  startup_stm32f103xb.o [3]
  .text              ro code   0x800'5b88          2     0x4  startup_stm32f103xb.o [3]
  .text              ro code   0x800'5b8c          2     0x4  startup_stm32f103xb.o [3]
  .text              ro code   0x800'5b90          2     0x4  startup_stm32f103xb.o [3]
  .text              ro code   0x800'5b94          2     0x4  startup_stm32f103xb.o [3]
  .text              ro code   0x800'5b98          2     0x4  startup_stm32f103xb.o [3]
  .text              ro code   0x800'5b9c          2     0x4  startup_stm32f103xb.o [3]
  .text              ro code   0x800'5ba0          2     0x4  startup_stm32f103xb.o [3]
  .text              ro code   0x800'5ba4          2     0x4  startup_stm32f103xb.o [3]
  .text              ro code   0x800'5ba8          2     0x4  startup_stm32f103xb.o [3]
  .text              ro code   0x800'5bac          2     0x4  startup_stm32f103xb.o [3]
  .text              ro code   0x800'5bb0          2     0x4  startup_stm32f103xb.o [3]
  .text              ro code   0x800'5bb4          2     0x4  startup_stm32f103xb.o [3]
  .text              ro code   0x800'5bb8          2     0x4  startup_stm32f103xb.o [3]
  .text              ro code   0x800'5bbc          2     0x4  startup_stm32f103xb.o [3]
  .text              ro code   0x800'5bc0          2     0x4  startup_stm32f103xb.o [3]
  .text              ro code   0x800'5bc4          2     0x4  startup_stm32f103xb.o [3]
  .text              ro code   0x800'5bc8          2     0x4  startup_stm32f103xb.o [3]
  .text              ro code   0x800'5bcc          2     0x4  startup_stm32f103xb.o [3]
  .text              ro code   0x800'5bd0          2     0x4  startup_stm32f103xb.o [3]
  .text              ro code   0x800'5bd4          2     0x4  startup_stm32f103xb.o [3]
  .text              ro code   0x800'5bd8          2     0x4  startup_stm32f103xb.o [3]
  .text              ro code   0x800'5bdc          2     0x4  startup_stm32f103xb.o [3]
  .text              ro code   0x800'5be0          2     0x4  startup_stm32f103xb.o [3]
  .text              ro code   0x800'5be4          2     0x4  startup_stm32f103xb.o [3]
  .text              ro code   0x800'5be8          2     0x4  startup_stm32f103xb.o [3]
  .text              ro code   0x800'5bec          2     0x4  startup_stm32f103xb.o [3]
  .text              ro code   0x800'5bf0          2     0x4  startup_stm32f103xb.o [3]
  .text              ro code   0x800'5bf4          2     0x4  startup_stm32f103xb.o [3]
  .text              ro code   0x800'5bf8          2     0x4  startup_stm32f103xb.o [3]
  .text              ro code   0x800'5bfc          2     0x4  startup_stm32f103xb.o [3]
  .text              ro code   0x800'5c00          2     0x4  startup_stm32f103xb.o [3]
  .rodata            const     0x800'5c04                0x0  zero_init3.o [8]
  .rodata            const     0x800'5c04                0x0  packbits_init_single.o [8]
  Initializer bytes  const     0x800'5c04               0x52  <for P2-1>
                             - 0x800'5c56             0x5b6a

"P2", part 1 of 3:                                      0x7e
  P2-1                        0x2000'0000               0x7e  <Init block>
    .data            inited   0x2000'0000          4    0x30  Font.o [5]
    .data            inited   0x2000'0030          4     0xc  stm32f1xx_hal.o [4]
    .data            inited   0x2000'003c          4     0x4  system_stm32f1xx.o [1]
    .data            inited   0x2000'0040          4    0x38  xlocale_c.o [6]
    .data            inited   0x2000'0078          2     0x6  ILI9488_SPI.o [5]
                            - 0x2000'007e               0x7e

"P2", part 2 of 3:                                     0x1cc
  .bss               zero     0x2000'0080          4   0x108  main.o [2]
  .bss               zero     0x2000'0188          4    0xb0  main.o [2]
  .bss               zero     0x2000'0238          4     0x8  heap0.o [6]
  .bss               zero     0x2000'0240          4     0x4  xgetmemchunk.o [6]
  .bss               zero     0x2000'0244          4     0x4  xfail_s.o [6]
  .bss               zero     0x2000'0248                0x1  Font.o [5]
                            - 0x2000'0249              0x1c9

"P2", part 3 of 3:                                     0x600
  CSTACK                      0x2000'0250          8   0x400  <Block>
    CSTACK           uninit   0x2000'0250              0x400  <Block tail>
  HEAP                        0x2000'0650          8   0x200  <Block>
    HEAP             uninit   0x2000'0650              0x200  <Block tail>
                            - 0x2000'0850              0x600

Unused ranges:

         From           To      Size
         ----           --      ----
   0x800'5c56   0x801'ffff  0x1'a3aa
  0x2000'007e  0x2000'007f       0x2
  0x2000'024c  0x2000'024f       0x4
  0x2000'0850  0x2000'4fff    0x47b0


*******************************************************************************
*** INIT TABLE
***

          Address      Size
          -------      ----
Zero (__iar_zero_init3)
    1 destination range, total size 0x1c9:
          0x2000'0080  0x1c9

Copy/packbits (__iar_packbits_init_single3)
    1 source range, total size 0x52 (65% of destination):
           0x800'5c04   0x52
    1 destination range, total size 0x7e:
          0x2000'0000   0x7e



*******************************************************************************
*** MODULE SUMMARY
***

    Module                  ro code  ro data  rw data
    ------                  -------  -------  -------
command line/config:
    -------------------------------------------------
    Total:

F:\ELECTRONIC\sherkat\stm32ret6\STM32F103_KEIL_ili9488\EWARM\ili9488_spi\Obj\CMSIS_6603591812247902717.dir: [1]
    system_stm32f1xx.o           20       10        4
    -------------------------------------------------
    Total:                       20       10        4

F:\ELECTRONIC\sherkat\stm32ret6\STM32F103_KEIL_ili9488\EWARM\ili9488_spi\Obj\Core_13247989168731456611.dir: [2]
    main.o                    1'500    5'200      440
    stm32f1xx_hal_msp.o         304
    stm32f1xx_it.o               20
    -------------------------------------------------
    Total:                    1'824    5'200      440

F:\ELECTRONIC\sherkat\stm32ret6\STM32F103_KEIL_ili9488\EWARM\ili9488_spi\Obj\EWARM_18443280873093131863.dir: [3]
    startup_stm32f103xb.o       424
    -------------------------------------------------
    Total:                      424

F:\ELECTRONIC\sherkat\stm32ret6\STM32F103_KEIL_ili9488\EWARM\ili9488_spi\Obj\STM32F1xx_HAL_Driver_9701002599162248031.dir: [4]
    stm32f1xx_hal.o             168        8       12
    stm32f1xx_hal_cortex.o      160
    stm32f1xx_hal_gpio.o        488
    stm32f1xx_hal_rcc.o       1'186
    stm32f1xx_hal_spi.o         848
    stm32f1xx_hal_tim.o         608
    stm32f1xx_hal_tim_ex.o      100
    stm32f1xx_hal_uart.o        648
    -------------------------------------------------
    Total:                    4'206        8       12

F:\ELECTRONIC\sherkat\stm32ret6\STM32F103_KEIL_ili9488\EWARM\ili9488_spi\Obj\ili9488_14742993431243390435.dir: [5]
    Font.o                    1'640      411       49
    ILI9488_SPI.o             1'554        4        6
    xpt2046.o                   410
    -------------------------------------------------
    Total:                    3'604      415       55

dl7M_tlf.a: [6]
    abort.o                       6
    exit.o                        4
    heap0.o                     316                 8
    heaptramp0.o                  4
    low_level_init.o              4
    sprintf.o                    64
    strcat.o                     30
    xfail_s.o                    64                 4
    xgetmemchunk.o               44                 4
    xlocale_c.o                   8       40       56
    xprintffull_nomb.o        3'790
    xsprout.o                    10
    -------------------------------------------------
    Total:                    4'344       40       72

m7M_tl.a: [7]
    DblAddSub.o                 590
    DblCmpGe.o                   52
    DblCmpLe.o                   52
    DblDiv.o                    582
    DblMul.o                    426
    DblToS32.o                   54
    DblToU32.o                   34
    S32ToDbl.o                   34
    U32ToDbl.o                   28
    frexp.o                     112
    ldexp.o                     314
    -------------------------------------------------
    Total:                    2'278

rt7M_tl.a: [8]
    ABImemclr4.o                  6
    ABImemcpy.o                 166
    ABImemset48.o                50
    ABImemset_small.o            18
    I64DivMod.o                 560
    I64DivZer.o                   2
    cexit.o                      10
    cmain.o                      30
    cstartup_M.o                 28
    data_init.o                  40
    memchr.o                     88
    packbits_init_single.o       58
    strchr.o                     22
    strcpy.o                     24
    strlen_small.o               20
    zero_init3.o                 56
    -------------------------------------------------
    Total:                    1'178

shb_l.a: [9]
    exit.o                       20
    -------------------------------------------------
    Total:                       20

    Gaps                         33        2
    Linker created                        32    1'536
-----------------------------------------------------
    Grand Total:             17'931    5'707    2'119


*******************************************************************************
*** ENTRY LIST
***

Entry                       Address   Size  Type      Object
-----                       -------   ----  ----      ------
.iar.init_table$$Base    0x800'5a98          --   Gb  - Linker created -
.iar.init_table$$Limit   0x800'5ab8          --   Gb  - Linker created -
?main                    0x800'5ab9         Code  Gb  cmain.o [8]
ADC1_2_IRQHandler        0x800'5ba1         Code  Wk  startup_stm32f103xb.o [3]
AF12x16                  0x800'00ec  0xd48  Data  Gb  main.o [2]
AHBPrescTable            0x800'5b30   0x10  Data  Gb  system_stm32f1xx.o [1]
APBPrescTable            0x800'5b50    0x8  Data  Gb  system_stm32f1xx.o [1]
Aldata                  0x2000'0238    0x8  Data  Lc  heap0.o [6]
BkColor                 0x2000'001c    0x4  Data  Gb  Font.o [5]
BusFault_Handler         0x800'5b0f    0x2  Code  Gb  stm32f1xx_it.o [2]
CAN1_RX1_IRQHandler      0x800'5bad         Code  Wk  startup_stm32f103xb.o [3]
CAN1_SCE_IRQHandler      0x800'5bb1         Code  Wk  startup_stm32f103xb.o [3]
CSTACK$$Base            0x2000'0250          --   Gb  - Linker created -
CSTACK$$Limit           0x2000'0650          --   Gb  - Linker created -
DMA1_Channel1_IRQHandler
                         0x800'5b85         Code  Wk  startup_stm32f103xb.o [3]
DMA1_Channel2_IRQHandler
                         0x800'5b89         Code  Wk  startup_stm32f103xb.o [3]
DMA1_Channel3_IRQHandler
                         0x800'5b8d         Code  Wk  startup_stm32f103xb.o [3]
DMA1_Channel4_IRQHandler
                         0x800'5b91         Code  Wk  startup_stm32f103xb.o [3]
DMA1_Channel5_IRQHandler
                         0x800'5b95         Code  Wk  startup_stm32f103xb.o [3]
DMA1_Channel6_IRQHandler
                         0x800'5b99         Code  Wk  startup_stm32f103xb.o [3]
DMA1_Channel7_IRQHandler
                         0x800'5b9d         Code  Wk  startup_stm32f103xb.o [3]
DebugMon_Handler         0x800'5b15    0x2  Code  Gb  stm32f1xx_it.o [2]
Direction               0x2000'0078    0x1  Data  Lc  ILI9488_SPI.o [5]
EXTI0_IRQHandler         0x800'5b71         Code  Wk  startup_stm32f103xb.o [3]
EXTI15_10_IRQHandler     0x800'5bf9         Code  Wk  startup_stm32f103xb.o [3]
EXTI1_IRQHandler         0x800'5b75         Code  Wk  startup_stm32f103xb.o [3]
EXTI2_IRQHandler         0x800'5b79         Code  Wk  startup_stm32f103xb.o [3]
EXTI3_IRQHandler         0x800'5b7d         Code  Wk  startup_stm32f103xb.o [3]
EXTI4_IRQHandler         0x800'5b81         Code  Wk  startup_stm32f103xb.o [3]
EXTI9_5_IRQHandler       0x800'5bb5         Code  Wk  startup_stm32f103xb.o [3]
Error_Handler            0x800'4acd    0x4  Code  Gb  main.o [2]
FLASH_IRQHandler         0x800'5b69         Code  Wk  startup_stm32f103xb.o [3]
FgColor                 0x2000'0018    0x4  Data  Gb  Font.o [5]
FontFixed               0x2000'0003    0x1  Data  Gb  Font.o [5]
FontHeight              0x2000'0009    0x1  Data  Gb  Font.o [5]
FontPointer             0x2000'0014    0x4  Data  Gb  Font.o [5]
FontSpaceX              0x2000'000c    0x1  Data  Gb  Font.o [5]
FontSpaceY              0x2000'000d    0x1  Data  Gb  Font.o [5]
FontWidth               0x2000'0008    0x1  Data  Gb  Font.o [5]
FontXScale              0x2000'000a    0x1  Data  Gb  Font.o [5]
FontYScale              0x2000'000b    0x1  Data  Gb  Font.o [5]
HAL_Delay                0x800'42b9   0x28  Code  Wk  stm32f1xx_hal.o [4]
HAL_GPIO_Init            0x800'40d1  0x19e  Code  Gb  stm32f1xx_hal_gpio.o [4]
HAL_GPIO_ReadPin         0x800'426f    0xc  Code  Gb  stm32f1xx_hal_gpio.o [4]
HAL_GPIO_WritePin        0x800'427b    0x8  Code  Gb  stm32f1xx_hal_gpio.o [4]
HAL_GetTick              0x800'4551    0xc  Code  Wk  stm32f1xx_hal.o [4]
HAL_IncTick              0x800'5b1d   0x10  Code  Wk  stm32f1xx_hal.o [4]
HAL_Init                 0x800'4e39   0x20  Code  Gb  stm32f1xx_hal.o [4]
HAL_InitTick             0x800'5849   0x40  Code  Wk  stm32f1xx_hal.o [4]
HAL_MspInit              0x800'4421   0x38  Code  Gb  stm32f1xx_hal_msp.o [2]
HAL_NVIC_SetPriority     0x800'57d7   0x3a  Code  Gb  stm32f1xx_hal_cortex.o [4]
HAL_NVIC_SetPriorityGrouping
                         0x800'57c3   0x14  Code  Gb  stm32f1xx_hal_cortex.o [4]
HAL_RCC_ClockConfig      0x800'5603   0xf4  Code  Gb  stm32f1xx_hal_rcc.o [4]
HAL_RCC_GetPCLK1Freq     0x800'5741   0x10  Code  Gb  stm32f1xx_hal_rcc.o [4]
HAL_RCC_GetPCLK2Freq     0x800'5751    0xe  Code  Gb  stm32f1xx_hal_rcc.o [4]
HAL_RCC_GetSysClockFreq
                         0x800'570d   0x34  Code  Gb  stm32f1xx_hal_rcc.o [4]
HAL_RCC_GetSysClockFreq::aPLLMULFactorTable
                         0x800'5794   0x10  Data  Lc  stm32f1xx_hal_rcc.o [4]
HAL_RCC_GetSysClockFreq::aPredivFactorTable
                         0x800'57a4    0x2  Data  Lc  stm32f1xx_hal_rcc.o [4]
HAL_RCC_OscConfig        0x800'5305  0x2f4  Code  Gb  stm32f1xx_hal_rcc.o [4]
HAL_SPI_Init             0x800'3d81   0xaa  Code  Gb  stm32f1xx_hal_spi.o [4]
HAL_SPI_MspInit          0x800'4459   0x4a  Code  Gb  stm32f1xx_hal_msp.o [2]
HAL_SPI_Transmit         0x800'3e2b  0x118  Code  Gb  stm32f1xx_hal_spi.o [4]
HAL_SYSTICK_Config       0x800'5811   0x22  Code  Gb  stm32f1xx_hal_cortex.o [4]
HAL_TIMEx_MasterConfigSynchronization
                         0x800'50bd   0x56  Code  Gb  stm32f1xx_hal_tim_ex.o [4]
HAL_TIM_Base_Init        0x800'4e5d   0x1a  Code  Gb  stm32f1xx_hal_tim.o [4]
HAL_TIM_Base_MspInit     0x800'44a3   0x22  Code  Gb  stm32f1xx_hal_msp.o [2]
HAL_TIM_Base_Start_IT    0x800'4e77   0x56  Code  Gb  stm32f1xx_hal_tim.o [4]
HAL_TIM_ConfigClockSource
                         0x800'4f11   0xac  Code  Gb  stm32f1xx_hal_tim.o [4]
HAL_UART_Init            0x800'4bb1   0x20  Code  Gb  stm32f1xx_hal_uart.o [4]
HAL_UART_MspInit         0x800'44c5   0x62  Code  Gb  stm32f1xx_hal_msp.o [2]
HAL_UART_Transmit        0x800'4c29   0x9c  Code  Gb  stm32f1xx_hal_uart.o [4]
HEAP$$Base              0x2000'0650          --   Gb  - Linker created -
HEAP$$Limit             0x2000'0850          --   Gb  - Linker created -
HardFault_Handler        0x800'5b0b    0x2  Code  Gb  stm32f1xx_it.o [2]
I2C1_ER_IRQHandler       0x800'5bd9         Code  Wk  startup_stm32f103xb.o [3]
I2C1_EV_IRQHandler       0x800'5bd5         Code  Wk  startup_stm32f103xb.o [3]
I2C2_ER_IRQHandler       0x800'5be1         Code  Wk  startup_stm32f103xb.o [3]
I2C2_EV_IRQHandler       0x800'5bdd         Code  Wk  startup_stm32f103xb.o [3]
ILI9488_Draw_Colour_Burst
                         0x800'3a4d   0x8c  Code  Gb  ILI9488_SPI.o [5]
ILI9488_Draw_Fill_Rectangle
                         0x800'3c03   0x52  Code  Gb  ILI9488_SPI.o [5]
ILI9488_Draw_Pixel       0x800'3b0b   0xee  Code  Gb  ILI9488_SPI.o [5]
ILI9488_Fill_Screen      0x800'3ae1   0x2a  Code  Gb  ILI9488_SPI.o [5]
ILI9488_Init             0x800'389d  0x1a0  Code  Gb  ILI9488_SPI.o [5]
ILI9488_Reset            0x800'3817   0x2c  Code  Gb  ILI9488_SPI.o [5]
ILI9488_SPI_Send         0x800'376d    0xc  Code  Gb  ILI9488_SPI.o [5]
ILI9488_Set_Address      0x800'37c9   0x4e  Code  Gb  ILI9488_SPI.o [5]
ILI9488_Set_Rotation     0x800'384d   0x50  Code  Gb  ILI9488_SPI.o [5]
ILI9488_Write_Command    0x800'3783   0x12  Code  Gb  ILI9488_SPI.o [5]
ILI9488_Write_Data       0x800'3795    0xc  Code  Gb  ILI9488_SPI.o [5]
LCD_HEIGHT              0x2000'007a    0x2  Data  Gb  ILI9488_SPI.o [5]
LCD_WIDTH               0x2000'007c    0x2  Data  Gb  ILI9488_SPI.o [5]
LcdFont                  0x800'367d   0x24  Code  Gb  Font.o [5]
MemManage_Handler        0x800'5b0d    0x2  Code  Gb  stm32f1xx_it.o [2]
NMI_Handler              0x800'5b09    0x2  Code  Gb  stm32f1xx_it.o [2]
NonTransparence         0x2000'0004    0x1  Data  Gb  Font.o [5]
PEmap                    0x800'58bc  0x17c  Data  Gb  Font.o [5]
PVD_IRQHandler           0x800'5b5d         Code  Wk  startup_stm32f103xb.o [3]
PendSV_Handler           0x800'5b17    0x2  Code  Gb  stm32f1xx_it.o [2]
PutCharEN                0x800'3105  0x176  Code  Gb  Font.o [5]
PutCharPE                0x800'327b  0x158  Code  Gb  Font.o [5]
Puts                     0x800'3739   0x24  Code  Gb  Font.o [5]
PutsPE                   0x800'34d7  0x1a6  Code  Gb  Font.o [5]
RCC_IRQHandler           0x800'5b6d         Code  Wk  startup_stm32f103xb.o [3]
RTC_Alarm_IRQHandler     0x800'5bfd         Code  Wk  startup_stm32f103xb.o [3]
RTC_IRQHandler           0x800'5b65         Code  Wk  startup_stm32f103xb.o [3]
Region$$Table$$Base      0x800'5a98          --   Gb  - Linker created -
Region$$Table$$Limit     0x800'5ab8          --   Gb  - Linker created -
Reset_Handler            0x800'5b41         Code  Wk  startup_stm32f103xb.o [3]
Reverse                 0x2000'0002    0x1  Data  Gb  Font.o [5]
SPI1_IRQHandler          0x800'5be5         Code  Wk  startup_stm32f103xb.o [3]
SPI2_IRQHandler          0x800'5be9         Code  Wk  startup_stm32f103xb.o [3]
SPI_EndRxTxTransaction   0x800'4095   0x2c  Code  Lc  stm32f1xx_hal_spi.o [4]
SPI_WaitFlagStateUntilTimeout
                         0x800'3fdf   0xb6  Code  Lc  stm32f1xx_hal_spi.o [4]
SVC_Handler              0x800'5b13    0x2  Code  Gb  stm32f1xx_it.o [2]
SetLetter                0x800'36a1   0x5e  Code  Gb  Font.o [5]
SetLine                  0x800'36ff   0x3a  Code  Gb  Font.o [5]
SysTick_Handler          0x800'5b19    0x4  Code  Gb  stm32f1xx_it.o [2]
SystemClock_Config       0x800'4a6b   0x62  Code  Gb  main.o [2]
SystemCoreClock         0x2000'003c    0x4  Data  Gb  system_stm32f1xx.o [1]
SystemInit               0x800'5b2d    0x2  Code  Gb  system_stm32f1xx.o [1]
TAMPER_IRQHandler        0x800'5b61         Code  Wk  startup_stm32f103xb.o [3]
TFTHeight               0x2000'002c    0x4  Data  Gb  Font.o [5]
TFTWidth                0x2000'0028    0x4  Data  Gb  Font.o [5]
TIM1_BRK_IRQHandler      0x800'5bb9         Code  Wk  startup_stm32f103xb.o [3]
TIM1_CC_IRQHandler       0x800'5bc5         Code  Wk  startup_stm32f103xb.o [3]
TIM1_TRG_COM_IRQHandler
                         0x800'5bc1         Code  Wk  startup_stm32f103xb.o [3]
TIM1_UP_IRQHandler       0x800'5bbd         Code  Wk  startup_stm32f103xb.o [3]
TIM2_IRQHandler          0x800'5bc9         Code  Wk  startup_stm32f103xb.o [3]
TIM3_IRQHandler          0x800'5bcd         Code  Wk  startup_stm32f103xb.o [3]
TIM4_IRQHandler          0x800'5bd1         Code  Wk  startup_stm32f103xb.o [3]
TIM_Base_SetConfig       0x800'4fcf   0x6c  Code  Gb  stm32f1xx_hal_tim.o [4]
TIM_ETR_SetConfig        0x800'50a3   0x14  Code  Gb  stm32f1xx_hal_tim.o [4]
TIM_ITRx_SetConfig       0x800'5093   0x10  Code  Lc  stm32f1xx_hal_tim.o [4]
TIM_TI1_ConfigInputStage
                         0x800'5051   0x1e  Code  Lc  stm32f1xx_hal_tim.o [4]
TIM_TI2_ConfigInputStage
                         0x800'506f   0x24  Code  Lc  stm32f1xx_hal_tim.o [4]
TP_Read_AD               0x800'515b   0x7a  Code  Gb  xpt2046.o [5]
TP_Write_Byte            0x800'5121   0x2a  Code  Gb  xpt2046.o [5]
UART_EndRxTransfer       0x800'4d81   0x36  Code  Lc  stm32f1xx_hal_uart.o [4]
UART_SetConfig           0x800'4db9   0x78  Code  Lc  stm32f1xx_hal_uart.o [4]
UART_WaitOnFlagUntilTimeout
                         0x800'4d07   0x7a  Code  Lc  stm32f1xx_hal_uart.o [4]
USART1_IRQHandler        0x800'5bed         Code  Wk  startup_stm32f103xb.o [3]
USART2_IRQHandler        0x800'5bf1         Code  Wk  startup_stm32f103xb.o [3]
USART3_IRQHandler        0x800'5bf5         Code  Wk  startup_stm32f103xb.o [3]
USBWakeUp_IRQHandler     0x800'5c01         Code  Wk  startup_stm32f103xb.o [3]
USB_HP_CAN1_TX_IRQHandler
                         0x800'5ba5         Code  Wk  startup_stm32f103xb.o [3]
USB_LP_CAN1_RX0_IRQHandler
                         0x800'5ba9         Code  Wk  startup_stm32f103xb.o [3]
UsageFault_Handler       0x800'5b11    0x2  Code  Gb  stm32f1xx_it.o [2]
WWDG_IRQHandler          0x800'5b59         Code  Wk  startup_stm32f103xb.o [3]
XPT2046_TouchGetCoordinates
                         0x800'5209   0x9c  Code  Gb  xpt2046.o [5]
XPT2046_TouchPressed     0x800'51f5   0x14  Code  Gb  xpt2046.o [5]
_LC                      0x800'153d    0x6  Code  Lc  xprintffull_nomb.o [6]
_LitobFullNoMb           0x800'2229  0x114  Code  Lc  xprintffull_nomb.o [6]
_Locale_lconv           0x2000'0040   0x38  Data  Lc  xlocale_c.o [6]
_PrintfFullNoMb          0x800'1543  0xcb8  Code  Gb  xprintffull_nomb.o [6]
_PutcharsFullNoMb        0x800'2395   0x2e  Code  Lc  xprintffull_nomb.o [6]
_SProut                  0x800'245b    0xa  Code  Gb  xsprout.o [6]
__NVIC_SetPriority       0x800'57a9   0x1a  Code  Lc  stm32f1xx_hal_cortex.o [4]
__aeabi_cdcmple          0x800'2629         Code  Gb  DblCmpLe.o [7]
__aeabi_cdrcmple         0x800'265d         Code  Gb  DblCmpGe.o [7]
__aeabi_d2iz             0x800'27cd         Code  Gb  DblToS32.o [7]
__aeabi_d2uiz            0x800'2cc1         Code  Gb  DblToU32.o [7]
__aeabi_ddiv             0x800'2a79         Code  Gb  DblDiv.o [7]
__aeabi_dmul             0x800'2d01         Code  Gb  DblMul.o [7]
__aeabi_dsub             0x800'2995         Code  Gb  DblAddSub.o [7]
__aeabi_i2d              0x800'2805         Code  Gb  S32ToDbl.o [7]
__aeabi_ldiv0            0x800'30ed         Code  Gb  I64DivZer.o [8]
__aeabi_memclr4          0x800'52fd         Code  Gb  ABImemclr4.o [8]
__aeabi_memcpy           0x800'2511         Code  Gb  ABImemcpy.o [8]
__aeabi_memcpy4          0x800'2531         Code  Gb  ABImemcpy.o [8]
__aeabi_memcpy8          0x800'2531         Code  Gb  ABImemcpy.o [8]
__aeabi_ui2d             0x800'2ce5         Code  Gb  U32ToDbl.o [7]
__aeabi_uldivmod         0x800'2eb5         Code  Gb  I64DivMod.o [8]
__basic_free             0x800'438d   0x16  Code  Gb  heap0.o [6]
__basic_free_intern      0x800'43a3   0x74  Code  Lc  heap0.o [6]
__basic_malloc           0x800'42e1   0x18  Code  Gb  heap0.o [6]
__basic_malloc_intern    0x800'42f9   0x94  Code  Lc  heap0.o [6]
__cmain                  0x800'5ab9         Code  Gb  cmain.o [8]
__data_GetMemChunk       0x800'455d   0x2c  Code  Gb  xgetmemchunk.o [6]
__data_GetMemChunk::start
                        0x2000'0240    0x4  Data  Lc  xgetmemchunk.o [6]
__exit                   0x800'30f1   0x14  Code  Gb  exit.o [9]
__iar_Fail_s             0x800'2465   0x1c  Code  Gb  xfail_s.o [6]
__iar_Memchr             0x800'24b9         Code  Gb  memchr.o [8]
__iar_Memset4_word       0x800'5889         Code  Gb  ABImemset48.o [8]
__iar_Memset8_word       0x800'5889         Code  Gb  ABImemset48.o [8]
__iar_Strchr             0x800'2445         Code  Gb  strchr.o [8]
__iar_data_init3         0x800'5a71   0x28  Code  Gb  data_init.o [8]
__iar_frexp              0x800'25c5         Code  Gb  frexp.o [7]
__iar_frexp64            0x800'25b9         Code  Gb  frexp.o [7]
__iar_frexpl             0x800'25c5         Code  Gb  frexp.o [7]
__iar_ldexp64            0x800'2691         Code  Gb  ldexp.o [7]
__iar_packbits_init_single3
                         0x800'240b   0x3a  Code  Gb  packbits_init_single.o [8]
__iar_program_start      0x800'5aed         Code  Gb  cstartup_M.o [8]
__iar_scalbln64          0x800'2691         Code  Gb  ldexp.o [7]
__iar_scalbn64           0x800'2691         Code  Gb  ldexp.o [7]
__iar_small_Memset       0x800'4589         Code  Gb  ABImemset_small.o [8]
__iar_small_Memset_word
                         0x800'4589         Code  Gb  ABImemset_small.o [8]
__iar_small_memset       0x800'4589         Code  Gb  ABImemset_small.o [8]
__iar_small_strlen       0x800'24a5         Code  Gb  strlen_small.o [8]
__iar_zero_init3         0x800'5a39   0x38  Code  Gb  zero_init3.o [8]
__low_level_init         0x800'5ad7    0x4  Code  Gb  low_level_init.o [6]
__vector_table           0x800'0000         Data  Gb  startup_stm32f103xb.o [3]
_call_main               0x800'5ac5         Code  Gb  cmain.o [8]
_exit                    0x800'5ae1         Code  Gb  cexit.o [8]
abort                    0x800'30e5    0x6  Code  Gb  abort.o [6]
c1                      0x2000'0248    0x1  Data  Gb  Font.o [5]
charwidth               0x2000'0007    0x1  Data  Gb  Font.o [5]
cursorX                 0x2000'0020    0x4  Data  Gb  Font.o [5]
cursorY                 0x2000'0024    0x4  Data  Gb  Font.o [5]
drawImage                0x800'3c5b  0x108  Code  Gb  ILI9488_SPI.o [5]
exit                     0x800'5adb    0x4  Code  Gb  exit.o [6]
firstchar               0x2000'0005    0x1  Data  Gb  Font.o [5]
fontSize                0x2000'0012    0x2  Data  Gb  Font.o [5]
free                     0x800'441d    0x4  Code  Gb  heaptramp0.o [6]
frexp                    0x800'25b9         Code  Gb  frexp.o [7]
frexpl                   0x800'25b9         Code  Gb  frexp.o [7]
hspi1                   0x2000'0084   0x58  Data  Gb  main.o [2]
htim1                   0x2000'00dc   0x48  Data  Gb  main.o [2]
huart1                  0x2000'0188   0x48  Data  Gb  main.o [2]
lastchar                0x2000'0006    0x1  Data  Gb  Font.o [5]
ldexp                    0x800'2691         Code  Gb  ldexp.o [7]
ldexpl                   0x800'2691         Code  Gb  ldexp.o [7]
len                     0x2000'01d0    0x4  Data  Gb  main.o [2]
localeconv               0x800'2ead    0x4  Code  Gb  xlocale_c.o [6]
logo                     0x800'0e34  0x708  Data  Gb  main.o [2]
main                     0x800'45d5  0x3f0  Code  Gb  main.o [2]
memchr                   0x800'24b9         Code  Gb  memchr.o [8]
nextLet                 0x2000'0010    0x1  Data  Gb  Font.o [5]
p_rotation              0x2000'0001    0x1  Data  Gb  Font.o [5]
peLETTER                0x2000'000e    0x1  Data  Gb  Font.o [5]
prevLet                 0x2000'000f    0x1  Data  Gb  Font.o [5]
rot                     0x2000'0000    0x1  Data  Gb  Font.o [5]
scalbln                  0x800'2691         Code  Gb  ldexp.o [7]
scalblnl                 0x800'2691         Code  Gb  ldexp.o [7]
scalbn                   0x800'2691         Code  Gb  ldexp.o [7]
scalbnl                  0x800'2691         Code  Gb  ldexp.o [7]
scale                    0x800'233d   0x46  Code  Lc  xprintffull_nomb.o [6]
sec_hand                0x2000'0244    0x4  Data  Lc  xfail_s.o [6]
show_uart                0x800'459d   0x34  Code  Gb  main.o [2]
sprintf                  0x800'52bd   0x40  Code  Gb  sprintf.o [6]
str                     0x2000'0124   0x64  Data  Gb  main.o [2]
strcat                   0x800'4b91   0x1e  Code  Gb  strcat.o [6]
strchr                   0x800'2445         Code  Gb  strchr.o [8]
strcpy                   0x800'4b79         Code  Gb  strcpy.o [8]
test                    0x2000'01d4   0x64  Data  Gb  main.o [2]
utf8ascii                0x800'343d   0x9a  Code  Gb  Font.o [5]
uwTick                  0x2000'0034    0x4  Data  Gb  stm32f1xx_hal.o [4]
uwTickFreq              0x2000'0030    0x1  Data  Gb  stm32f1xx_hal.o [4]
uwTickPrio              0x2000'0038    0x4  Data  Gb  stm32f1xx_hal.o [4]
x                       0x2000'0080    0x2  Data  Gb  main.o [2]
y                       0x2000'0082    0x2  Data  Gb  main.o [2]


[1] = F:\ELECTRONIC\sherkat\stm32ret6\STM32F103_KEIL_ili9488\EWARM\ili9488_spi\Obj\CMSIS_6603591812247902717.dir
[2] = F:\ELECTRONIC\sherkat\stm32ret6\STM32F103_KEIL_ili9488\EWARM\ili9488_spi\Obj\Core_13247989168731456611.dir
[3] = F:\ELECTRONIC\sherkat\stm32ret6\STM32F103_KEIL_ili9488\EWARM\ili9488_spi\Obj\EWARM_18443280873093131863.dir
[4] = F:\ELECTRONIC\sherkat\stm32ret6\STM32F103_KEIL_ili9488\EWARM\ili9488_spi\Obj\STM32F1xx_HAL_Driver_9701002599162248031.dir
[5] = F:\ELECTRONIC\sherkat\stm32ret6\STM32F103_KEIL_ili9488\EWARM\ili9488_spi\Obj\ili9488_14742993431243390435.dir
[6] = dl7M_tlf.a
[7] = m7M_tl.a
[8] = rt7M_tl.a
[9] = shb_l.a

  17'931 bytes of readonly  code memory
   5'707 bytes of readonly  data memory
   2'119 bytes of readwrite data memory

Errors: none
Warnings: none
