../Core/Src/stm32f4xx_hal_msp.c:66:6:HAL_MspInit	8	static
../Core/Src/stm32f4xx_hal_msp.c:89:6:HAL_CRC_MspInit	8	static
../Core/Src/stm32f4xx_hal_msp.c:112:6:HAL_CRC_MspDeInit	0	static
../Core/Src/stm32f4xx_hal_msp.c:134:6:HAL_SPI_MspInit	48	static
../Core/Src/stm32f4xx_hal_msp.c:194:6:HAL_SPI_MspDeInit	8	static
../Core/Src/stm32f4xx_hal_msp.c:229:6:HAL_TIM_PWM_MspInit	8	static
../Core/Src/stm32f4xx_hal_msp.c:246:6:HAL_TIM_MspPostInit	32	static
../Core/Src/stm32f4xx_hal_msp.c:278:6:HAL_TIM_PWM_MspDeInit	0	static
../Core/Src/stm32f4xx_hal_msp.c:300:6:HAL_UART_MspInit	40	static
../Core/Src/stm32f4xx_hal_msp.c:337:6:HAL_UART_MspDeInit	0	static
